2026-07-27T17:24:01Z INF Thank you for trying Cloudflare Tunnel. Doing so, without a Cloudflare account, is a quick way to experiment and try it out. However, be aware that these account-less Tunnels have no uptime guarantee, are subject to the Cloudflare Online Services Terms of Use (https://www.cloudflare.com/website-terms/), and Cloudflare reserves the right to investigate your use of Tunnels for violations of such terms. If you intend to use Tunnels in production you should use a pre-created named tunnel by following: https://developers.cloudflare.com/cloudflare-one/connections/connect-apps
2026-07-27T17:24:01Z INF Requesting new quick Tunnel on trycloudflare.com...
2026-07-27T17:24:05Z INF +--------------------------------------------------------------------------------------------+
2026-07-27T17:24:05Z INF |  Your quick Tunnel has been created! Visit it at (it may take some time to be reachable):  |
2026-07-27T17:24:05Z INF |  https://educated-traditional-coupons-mega.trycloudflare.com                               |
2026-07-27T17:24:05Z INF +--------------------------------------------------------------------------------------------+
2026-07-27T17:24:05Z INF Cannot determine default configuration path. No file [config.yml config.yaml] in [~/.cloudflared ~/.cloudflare-warp ~/cloudflare-warp /etc/cloudflared /usr/local/etc/cloudflared]
2026-07-27T17:24:05Z INF Version 2026.6.1 (Checksum 5861a10a438fe8ddcfebb3b830f83966cbf193edafce0fe2eeb198fbae1f7a22)
2026-07-27T17:24:05Z INF GOOS: linux, GOVersion: go1.26.4, GoArch: amd64
2026-07-27T17:24:05Z INF Settings: map[ha-connections:1 protocol:quic url:http://localhost:8800]
2026-07-27T17:24:05Z INF Autoupdate frequency is set autoupdateFreq=86400000
2026-07-27T17:24:05Z INF Generated Connector ID: a5eec65a-f46d-45b5-943d-0d5d3c6dd0f2
2026-07-27T17:24:05Z INF Initial protocol quic
2026-07-27T17:24:05Z INF ICMP proxy will use 192.168.0.202 as source for IPv4
2026-07-27T17:24:05Z INF ICMP proxy will use fe80::428d:5cff:fe24:29ec in zone eth0 as source for IPv6
2026-07-27T17:24:05Z INF ICMP proxy will use 192.168.0.202 as source for IPv4
2026-07-27T17:24:05Z INF ICMP proxy will use fe80::428d:5cff:fe24:29ec in zone eth0 as source for IPv6
2026-07-27T17:24:05Z INF Starting metrics server on 127.0.0.1:20241/metrics
2026-07-27T17:24:05Z INF Tunnel connection curve preferences: [X25519MLKEM768 CurveID(65074) CurveP256] connIndex=0 event=0 ip=198.41.192.27
2026-07-27T17:24:06Z INF Registered tunnel connection connIndex=0 connection=eb28f31a-3bfa-4cdd-9f59-d1b43b08f153 event=0 ip=198.41.192.27 location=bom03 protocol=quic
2026-07-27T17:24:11Z INF +-------------------------------------------------------------------------------------+
2026-07-27T17:24:11Z INF |                               CONNECTIVITY PRE-CHECKS                               |
2026-07-27T17:24:11Z INF +-------------------------------------------------------------------------------------+
2026-07-27T17:24:11Z INF |  COMPONENT         TARGET                     STATUS  DETAILS                       |
2026-07-27T17:24:11Z INF |  DNS Resolution    region1.v2.argotunnel.com  PASS    DNS Resolved successfully     |
2026-07-27T17:24:11Z INF |  DNS Resolution    region2.v2.argotunnel.com  PASS    DNS Resolved successfully     |
2026-07-27T17:24:11Z INF |  UDP Connectivity  region1.v2.argotunnel.com  PASS    QUIC connection successful    |
2026-07-27T17:24:11Z INF |  UDP Connectivity  region2.v2.argotunnel.com  PASS    QUIC connection successful    |
2026-07-27T17:24:11Z INF |  TCP Connectivity  region1.v2.argotunnel.com  PASS    HTTP/2 connection successful  |
2026-07-27T17:24:11Z INF |  TCP Connectivity  region2.v2.argotunnel.com  PASS    HTTP/2 connection successful  |
2026-07-27T17:24:11Z INF |  Cloudflare API    api.cloudflare.com:443     PASS    API is reachable              |
2026-07-27T17:24:11Z INF |                                                                                     |
2026-07-27T17:24:11Z INF |  SUMMARY: Environment is healthy. cloudflared will use 'quic' as primary protocol.  |
2026-07-27T17:24:11Z INF +-------------------------------------------------------------------------------------+
2026-07-27T17:24:11Z INF precheck component="DNS Resolution" details="DNS Resolved successfully" run_id=f6140541-3ed1-4efa-b542-4b281b268451 status=pass target=region1.v2.argotunnel.com
2026-07-27T17:24:11Z INF precheck component="DNS Resolution" details="DNS Resolved successfully" run_id=f6140541-3ed1-4efa-b542-4b281b268451 status=pass target=region2.v2.argotunnel.com
2026-07-27T17:24:11Z INF precheck component="UDP Connectivity" details="QUIC connection successful" run_id=f6140541-3ed1-4efa-b542-4b281b268451 status=pass target=region1.v2.argotunnel.com
2026-07-27T17:24:11Z INF precheck component="UDP Connectivity" details="QUIC connection successful" run_id=f6140541-3ed1-4efa-b542-4b281b268451 status=pass target=region2.v2.argotunnel.com
2026-07-27T17:24:11Z INF precheck component="TCP Connectivity" details="HTTP/2 connection successful" run_id=f6140541-3ed1-4efa-b542-4b281b268451 status=pass target=region1.v2.argotunnel.com
2026-07-27T17:24:11Z INF precheck component="TCP Connectivity" details="HTTP/2 connection successful" run_id=f6140541-3ed1-4efa-b542-4b281b268451 status=pass target=region2.v2.argotunnel.com
2026-07-27T17:24:11Z INF precheck component="Cloudflare API" details="API is reachable" run_id=f6140541-3ed1-4efa-b542-4b281b268451 status=pass target=api.cloudflare.com:443
2026-07-27T17:24:11Z INF precheck complete hard_fail=false run_id=f6140541-3ed1-4efa-b542-4b281b268451 suggested_protocol=quic
2026-07-27T19:03:15Z INF Initiating graceful shutdown due to signal terminated ...
2026-07-27T19:03:15Z ERR failed to run the datagram handler error="Application error 0x0 (remote)" connIndex=0 event=0 ip=198.41.192.27
2026-07-27T19:03:15Z ERR failed to serve tunnel connection error="accept stream listener encountered a failure while serving" connIndex=0 event=0 ip=198.41.192.27
2026-07-27T19:03:15Z ERR Serve tunnel error error="accept stream listener encountered a failure while serving" connIndex=0 event=0 ip=198.41.192.27
2026-07-27T19:03:15Z INF Retrying connection in up to 1s connIndex=0 event=0 ip=198.41.192.27
2026-07-27T19:03:15Z ERR Connection terminated connIndex=0
2026-07-27T19:03:15Z ERR no more connections active and exiting
2026-07-27T19:03:15Z INF Tunnel server stopped
2026-07-27T19:03:15Z INF Metrics server stopped
2026-07-27T19:03:19Z INF Thank you for trying Cloudflare Tunnel. Doing so, without a Cloudflare account, is a quick way to experiment and try it out. However, be aware that these account-less Tunnels have no uptime guarantee, are subject to the Cloudflare Online Services Terms of Use (https://www.cloudflare.com/website-terms/), and Cloudflare reserves the right to investigate your use of Tunnels for violations of such terms. If you intend to use Tunnels in production you should use a pre-created named tunnel by following: https://developers.cloudflare.com/cloudflare-one/connections/connect-apps
2026-07-27T19:03:19Z INF Requesting new quick Tunnel on trycloudflare.com...
2026-07-27T19:03:26Z INF +--------------------------------------------------------------------------------------------+
2026-07-27T19:03:26Z INF |  Your quick Tunnel has been created! Visit it at (it may take some time to be reachable):  |
2026-07-27T19:03:26Z INF |  https://become-stickers-roots-hoped.trycloudflare.com                                     |
2026-07-27T19:03:26Z INF +--------------------------------------------------------------------------------------------+
2026-07-27T19:03:26Z INF Cannot determine default configuration path. No file [config.yml config.yaml] in [~/.cloudflared ~/.cloudflare-warp ~/cloudflare-warp /etc/cloudflared /usr/local/etc/cloudflared]
2026-07-27T19:03:26Z INF Version 2026.6.1 (Checksum 5861a10a438fe8ddcfebb3b830f83966cbf193edafce0fe2eeb198fbae1f7a22)
2026-07-27T19:03:26Z INF GOOS: linux, GOVersion: go1.26.4, GoArch: amd64
2026-07-27T19:03:26Z INF Settings: map[ha-connections:1 protocol:quic url:http://localhost:8800]
2026-07-27T19:03:26Z INF Autoupdate frequency is set autoupdateFreq=86400000
2026-07-27T19:03:26Z INF Generated Connector ID: fe1e1933-d6b7-4079-81d3-9f46f7b9ea2a
2026-07-27T19:03:26Z INF Initial protocol quic
2026-07-27T19:03:26Z INF ICMP proxy will use 192.168.0.202 as source for IPv4
2026-07-27T19:03:26Z INF ICMP proxy will use fe80::428d:5cff:fe24:29ec in zone eth0 as source for IPv6
2026-07-27T19:03:26Z INF ICMP proxy will use 192.168.0.202 as source for IPv4
2026-07-27T19:03:26Z INF ICMP proxy will use fe80::428d:5cff:fe24:29ec in zone eth0 as source for IPv6
2026-07-27T19:03:26Z INF Starting metrics server on 127.0.0.1:20241/metrics
2026-07-27T19:03:26Z INF Tunnel connection curve preferences: [X25519MLKEM768 CurveID(65074) CurveP256] connIndex=0 event=0 ip=198.41.192.167
2026-07-27T19:03:26Z INF Registered tunnel connection connIndex=0 connection=da374ec7-35d0-4e01-8278-aaed5ae81b86 event=0 ip=198.41.192.167 location=bom06 protocol=quic
2026-07-27T19:03:27Z INF Thank you for trying Cloudflare Tunnel. Doing so, without a Cloudflare account, is a quick way to experiment and try it out. However, be aware that these account-less Tunnels have no uptime guarantee, are subject to the Cloudflare Online Services Terms of Use (https://www.cloudflare.com/website-terms/), and Cloudflare reserves the right to investigate your use of Tunnels for violations of such terms. If you intend to use Tunnels in production you should use a pre-created named tunnel by following: https://developers.cloudflare.com/cloudflare-one/connections/connect-apps
2026-07-27T19:03:27Z INF Requesting new quick Tunnel on trycloudflare.com...
2026-07-27T19:03:32Z INF +-------------------------------------------------------------------------------------+
2026-07-27T19:03:32Z INF |                               CONNECTIVITY PRE-CHECKS                               |
2026-07-27T19:03:32Z INF +-------------------------------------------------------------------------------------+
2026-07-27T19:03:32Z INF |  COMPONENT         TARGET                     STATUS  DETAILS                       |
2026-07-27T19:03:32Z INF |  DNS Resolution    region1.v2.argotunnel.com  PASS    DNS Resolved successfully     |
2026-07-27T19:03:32Z INF |  DNS Resolution    region2.v2.argotunnel.com  PASS    DNS Resolved successfully     |
2026-07-27T19:03:32Z INF |  UDP Connectivity  region1.v2.argotunnel.com  PASS    QUIC connection successful    |
2026-07-27T19:03:32Z INF |  UDP Connectivity  region2.v2.argotunnel.com  PASS    QUIC connection successful    |
2026-07-27T19:03:32Z INF |  TCP Connectivity  region1.v2.argotunnel.com  PASS    HTTP/2 connection successful  |
2026-07-27T19:03:32Z INF |  TCP Connectivity  region2.v2.argotunnel.com  PASS    HTTP/2 connection successful  |
2026-07-27T19:03:32Z INF |  Cloudflare API    api.cloudflare.com:443     PASS    API is reachable              |
2026-07-27T19:03:32Z INF |                                                                                     |
2026-07-27T19:03:32Z INF |  SUMMARY: Environment is healthy. cloudflared will use 'quic' as primary protocol.  |
2026-07-27T19:03:32Z INF +-------------------------------------------------------------------------------------+
2026-07-27T19:03:32Z INF precheck component="DNS Resolution" details="DNS Resolved successfully" run_id=88684719-0b99-4527-a424-488a25b864fa status=pass target=region1.v2.argotunnel.com
2026-07-27T19:03:32Z INF precheck component="DNS Resolution" details="DNS Resolved successfully" run_id=88684719-0b99-4527-a424-488a25b864fa status=pass target=region2.v2.argotunnel.com
2026-07-27T19:03:32Z INF precheck component="UDP Connectivity" details="QUIC connection successful" run_id=88684719-0b99-4527-a424-488a25b864fa status=pass target=region1.v2.argotunnel.com
2026-07-27T19:03:32Z INF precheck component="UDP Connectivity" details="QUIC connection successful" run_id=88684719-0b99-4527-a424-488a25b864fa status=pass target=region2.v2.argotunnel.com
2026-07-27T19:03:32Z INF precheck component="TCP Connectivity" details="HTTP/2 connection successful" run_id=88684719-0b99-4527-a424-488a25b864fa status=pass target=region1.v2.argotunnel.com
2026-07-27T19:03:32Z INF precheck component="TCP Connectivity" details="HTTP/2 connection successful" run_id=88684719-0b99-4527-a424-488a25b864fa status=pass target=region2.v2.argotunnel.com
2026-07-27T19:03:32Z INF precheck component="Cloudflare API" details="API is reachable" run_id=88684719-0b99-4527-a424-488a25b864fa status=pass target=api.cloudflare.com:443
2026-07-27T19:03:32Z INF precheck complete hard_fail=false run_id=88684719-0b99-4527-a424-488a25b864fa suggested_protocol=quic
2026-07-27T19:03:32Z INF +--------------------------------------------------------------------------------------------+
2026-07-27T19:03:32Z INF |  Your quick Tunnel has been created! Visit it at (it may take some time to be reachable):  |
2026-07-27T19:03:32Z INF |  https://remains-algorithms-operation-complement.trycloudflare.com                         |
2026-07-27T19:03:32Z INF +--------------------------------------------------------------------------------------------+
2026-07-27T19:03:32Z INF Cannot determine default configuration path. No file [config.yml config.yaml] in [~/.cloudflared ~/.cloudflare-warp ~/cloudflare-warp /etc/cloudflared /usr/local/etc/cloudflared]
2026-07-27T19:03:32Z INF Version 2026.6.1 (Checksum 5861a10a438fe8ddcfebb3b830f83966cbf193edafce0fe2eeb198fbae1f7a22)
2026-07-27T19:03:32Z INF GOOS: linux, GOVersion: go1.26.4, GoArch: amd64
2026-07-27T19:03:32Z INF Settings: map[ha-connections:1 protocol:quic url:http://localhost:8800]
2026-07-27T19:03:32Z INF Autoupdate frequency is set autoupdateFreq=86400000
2026-07-27T19:03:32Z INF Generated Connector ID: 8f79c7eb-a9ac-4237-9972-b84e52fe274e
2026-07-27T19:03:32Z INF Initial protocol quic
2026-07-27T19:03:32Z INF ICMP proxy will use 192.168.0.202 as source for IPv4
2026-07-27T19:03:32Z INF ICMP proxy will use fe80::428d:5cff:fe24:29ec in zone eth0 as source for IPv6
2026-07-27T19:03:32Z INF ICMP proxy will use 192.168.0.202 as source for IPv4
2026-07-27T19:03:32Z INF ICMP proxy will use fe80::428d:5cff:fe24:29ec in zone eth0 as source for IPv6
2026-07-27T19:03:32Z INF Starting metrics server on 127.0.0.1:20242/metrics
2026-07-27T19:03:32Z INF Tunnel connection curve preferences: [X25519MLKEM768 CurveID(65074) CurveP256] connIndex=0 event=0 ip=198.41.200.33
2026-07-27T19:03:33Z INF Registered tunnel connection connIndex=0 connection=dde87ad1-00ea-495d-a7f7-50c89d040f05 event=0 ip=198.41.200.33 location=bom11 protocol=quic
2026-07-27T19:03:38Z INF +-------------------------------------------------------------------------------------+
2026-07-27T19:03:38Z INF |                               CONNECTIVITY PRE-CHECKS                               |
2026-07-27T19:03:38Z INF +-------------------------------------------------------------------------------------+
2026-07-27T19:03:38Z INF |  COMPONENT         TARGET                     STATUS  DETAILS                       |
2026-07-27T19:03:38Z INF |  DNS Resolution    region1.v2.argotunnel.com  PASS    DNS Resolved successfully     |
2026-07-27T19:03:38Z INF |  DNS Resolution    region2.v2.argotunnel.com  PASS    DNS Resolved successfully     |
2026-07-27T19:03:38Z INF |  UDP Connectivity  region1.v2.argotunnel.com  PASS    QUIC connection successful    |
2026-07-27T19:03:38Z INF |  UDP Connectivity  region2.v2.argotunnel.com  PASS    QUIC connection successful    |
2026-07-27T19:03:38Z INF |  TCP Connectivity  region1.v2.argotunnel.com  PASS    HTTP/2 connection successful  |
2026-07-27T19:03:38Z INF |  TCP Connectivity  region2.v2.argotunnel.com  PASS    HTTP/2 connection successful  |
2026-07-27T19:03:38Z INF |  Cloudflare API    api.cloudflare.com:443     PASS    API is reachable              |
2026-07-27T19:03:38Z INF |                                                                                     |
2026-07-27T19:03:38Z INF |  SUMMARY: Environment is healthy. cloudflared will use 'quic' as primary protocol.  |
2026-07-27T19:03:38Z INF +-------------------------------------------------------------------------------------+
2026-07-27T19:03:38Z INF precheck component="DNS Resolution" details="DNS Resolved successfully" run_id=1df3dab1-ab7c-458a-9a7b-221bf68f9244 status=pass target=region1.v2.argotunnel.com
2026-07-27T19:03:38Z INF precheck component="DNS Resolution" details="DNS Resolved successfully" run_id=1df3dab1-ab7c-458a-9a7b-221bf68f9244 status=pass target=region2.v2.argotunnel.com
2026-07-27T19:03:38Z INF precheck component="UDP Connectivity" details="QUIC connection successful" run_id=1df3dab1-ab7c-458a-9a7b-221bf68f9244 status=pass target=region1.v2.argotunnel.com
2026-07-27T19:03:38Z INF precheck component="UDP Connectivity" details="QUIC connection successful" run_id=1df3dab1-ab7c-458a-9a7b-221bf68f9244 status=pass target=region2.v2.argotunnel.com
2026-07-27T19:03:38Z INF precheck component="TCP Connectivity" details="HTTP/2 connection successful" run_id=1df3dab1-ab7c-458a-9a7b-221bf68f9244 status=pass target=region1.v2.argotunnel.com
2026-07-27T19:03:38Z INF precheck component="TCP Connectivity" details="HTTP/2 connection successful" run_id=1df3dab1-ab7c-458a-9a7b-221bf68f9244 status=pass target=region2.v2.argotunnel.com
2026-07-27T19:03:38Z INF precheck component="Cloudflare API" details="API is reachable" run_id=1df3dab1-ab7c-458a-9a7b-221bf68f9244 status=pass target=api.cloudflare.com:443
2026-07-27T19:03:38Z INF precheck complete hard_fail=false run_id=1df3dab1-ab7c-458a-9a7b-221bf68f9244 suggested_protocol=quic
2026-07-27T19:04:15Z INF Thank you for trying Cloudflare Tunnel. Doing so, without a Cloudflare account, is a quick way to experiment and try it out. However, be aware that these account-less Tunnels have no uptime guarantee, are subject to the Cloudflare Online Services Terms of Use (https://www.cloudflare.com/website-terms/), and Cloudflare reserves the right to investigate your use of Tunnels for violations of such terms. If you intend to use Tunnels in production you should use a pre-created named tunnel by following: https://developers.cloudflare.com/cloudflare-one/connections/connect-apps
2026-07-27T19:04:15Z INF Requesting new quick Tunnel on trycloudflare.com...
2026-07-27T19:04:50Z INF Initiating graceful shutdown due to signal terminated ...
2026-07-27T19:04:50Z ERR failed to run the datagram handler error="Application error 0x0 (remote)" connIndex=0 event=0 ip=198.41.192.167
2026-07-27T19:04:50Z ERR failed to serve tunnel connection error="accept stream listener encountered a failure while serving" connIndex=0 event=0 ip=198.41.192.167
2026-07-27T19:04:50Z ERR Serve tunnel error error="accept stream listener encountered a failure while serving" connIndex=0 event=0 ip=198.41.192.167
2026-07-27T19:04:50Z INF Retrying connection in up to 1s connIndex=0 event=0 ip=198.41.192.167
2026-07-27T19:04:50Z ERR Connection terminated connIndex=0
2026-07-27T19:04:50Z ERR no more connections active and exiting
2026-07-27T19:04:50Z INF Tunnel server stopped
2026-07-27T19:04:50Z INF Metrics server stopped
2026-07-27T19:04:54Z INF Thank you for trying Cloudflare Tunnel. Doing so, without a Cloudflare account, is a quick way to experiment and try it out. However, be aware that these account-less Tunnels have no uptime guarantee, are subject to the Cloudflare Online Services Terms of Use (https://www.cloudflare.com/website-terms/), and Cloudflare reserves the right to investigate your use of Tunnels for violations of such terms. If you intend to use Tunnels in production you should use a pre-created named tunnel by following: https://developers.cloudflare.com/cloudflare-one/connections/connect-apps
2026-07-27T19:04:54Z INF Requesting new quick Tunnel on trycloudflare.com...
2026-07-27T19:05:00Z INF +--------------------------------------------------------------------------------------------+
2026-07-27T19:05:00Z INF |  Your quick Tunnel has been created! Visit it at (it may take some time to be reachable):  |
2026-07-27T19:05:00Z INF |  https://asking-jill-elder-trees.trycloudflare.com                                         |
2026-07-27T19:05:00Z INF +--------------------------------------------------------------------------------------------+
2026-07-27T19:05:00Z INF Cannot determine default configuration path. No file [config.yml config.yaml] in [~/.cloudflared ~/.cloudflare-warp ~/cloudflare-warp /etc/cloudflared /usr/local/etc/cloudflared]
2026-07-27T19:05:00Z INF Version 2026.6.1 (Checksum 5861a10a438fe8ddcfebb3b830f83966cbf193edafce0fe2eeb198fbae1f7a22)
2026-07-27T19:05:00Z INF GOOS: linux, GOVersion: go1.26.4, GoArch: amd64
2026-07-27T19:05:00Z INF Settings: map[ha-connections:1 protocol:quic url:http://localhost:8800]
2026-07-27T19:05:00Z INF Autoupdate frequency is set autoupdateFreq=86400000
2026-07-27T19:05:00Z INF Generated Connector ID: 20b8b9ad-3a5c-456f-b81a-6f2c5da626ae
2026-07-27T19:05:00Z INF Initial protocol quic
2026-07-27T19:05:00Z INF ICMP proxy will use 192.168.0.202 as source for IPv4
2026-07-27T19:05:00Z INF ICMP proxy will use fe80::428d:5cff:fe24:29ec in zone eth0 as source for IPv6
2026-07-27T19:05:00Z INF ICMP proxy will use 192.168.0.202 as source for IPv4
2026-07-27T19:05:00Z INF ICMP proxy will use fe80::428d:5cff:fe24:29ec in zone eth0 as source for IPv6
2026-07-27T19:05:00Z INF Starting metrics server on 127.0.0.1:20241/metrics
2026-07-27T19:05:00Z INF Tunnel connection curve preferences: [X25519MLKEM768 CurveID(65074) CurveP256] connIndex=0 event=0 ip=198.41.192.107
2026-07-27T19:05:01Z INF Registered tunnel connection connIndex=0 connection=8cebc039-d354-4cf7-9653-9bdcaae0e09c event=0 ip=198.41.192.107 location=bom03 protocol=quic
2026-07-27T19:05:06Z INF +-------------------------------------------------------------------------------------+
2026-07-27T19:05:06Z INF |                               CONNECTIVITY PRE-CHECKS                               |
2026-07-27T19:05:06Z INF +-------------------------------------------------------------------------------------+
2026-07-27T19:05:06Z INF |  COMPONENT         TARGET                     STATUS  DETAILS                       |
2026-07-27T19:05:06Z INF |  DNS Resolution    region1.v2.argotunnel.com  PASS    DNS Resolved successfully     |
2026-07-27T19:05:06Z INF |  DNS Resolution    region2.v2.argotunnel.com  PASS    DNS Resolved successfully     |
2026-07-27T19:05:06Z INF |  UDP Connectivity  region1.v2.argotunnel.com  PASS    QUIC connection successful    |
2026-07-27T19:05:06Z INF |  UDP Connectivity  region2.v2.argotunnel.com  PASS    QUIC connection successful    |
2026-07-27T19:05:06Z INF |  TCP Connectivity  region1.v2.argotunnel.com  PASS    HTTP/2 connection successful  |
2026-07-27T19:05:06Z INF |  TCP Connectivity  region2.v2.argotunnel.com  PASS    HTTP/2 connection successful  |
2026-07-27T19:05:06Z INF |  Cloudflare API    api.cloudflare.com:443     PASS    API is reachable              |
2026-07-27T19:05:06Z INF |                                                                                     |
2026-07-27T19:05:06Z INF |  SUMMARY: Environment is healthy. cloudflared will use 'quic' as primary protocol.  |
2026-07-27T19:05:06Z INF +-------------------------------------------------------------------------------------+
2026-07-27T19:05:06Z INF precheck component="DNS Resolution" details="DNS Resolved successfully" run_id=1311e081-47a2-43dd-8590-31f6b8281218 status=pass target=region1.v2.argotunnel.com
2026-07-27T19:05:06Z INF precheck component="DNS Resolution" details="DNS Resolved successfully" run_id=1311e081-47a2-43dd-8590-31f6b8281218 status=pass target=region2.v2.argotunnel.com
2026-07-27T19:05:06Z INF precheck component="UDP Connectivity" details="QUIC connection successful" run_id=1311e081-47a2-43dd-8590-31f6b8281218 status=pass target=region1.v2.argotunnel.com
2026-07-27T19:05:06Z INF precheck component="UDP Connectivity" details="QUIC connection successful" run_id=1311e081-47a2-43dd-8590-31f6b8281218 status=pass target=region2.v2.argotunnel.com
2026-07-27T19:05:06Z INF precheck component="TCP Connectivity" details="HTTP/2 connection successful" run_id=1311e081-47a2-43dd-8590-31f6b8281218 status=pass target=region1.v2.argotunnel.com
2026-07-27T19:05:06Z INF precheck component="TCP Connectivity" details="HTTP/2 connection successful" run_id=1311e081-47a2-43dd-8590-31f6b8281218 status=pass target=region2.v2.argotunnel.com
2026-07-27T19:05:06Z INF precheck component="Cloudflare API" details="API is reachable" run_id=1311e081-47a2-43dd-8590-31f6b8281218 status=pass target=api.cloudflare.com:443
2026-07-27T19:05:06Z INF precheck complete hard_fail=false run_id=1311e081-47a2-43dd-8590-31f6b8281218 suggested_protocol=quic
2026-07-27T19:05:28Z INF Initiating graceful shutdown due to signal terminated ...
2026-07-27T19:05:28Z ERR failed to run the datagram handler error="context canceled" connIndex=0 event=0 ip=198.41.192.107
2026-07-27T19:05:28Z ERR failed to serve tunnel connection error="accept stream listener encountered a failure while serving" connIndex=0 event=0 ip=198.41.192.107
2026-07-27T19:05:28Z ERR Serve tunnel error error="accept stream listener encountered a failure while serving" connIndex=0 event=0 ip=198.41.192.107
2026-07-27T19:05:28Z INF Retrying connection in up to 1s connIndex=0 event=0 ip=198.41.192.107
2026-07-27T19:05:28Z ERR Connection terminated connIndex=0
2026-07-27T19:05:28Z ERR no more connections active and exiting
2026-07-27T19:05:28Z INF Tunnel server stopped
2026-07-27T19:05:28Z INF Metrics server stopped
2026-07-27T19:05:31Z INF Thank you for trying Cloudflare Tunnel. Doing so, without a Cloudflare account, is a quick way to experiment and try it out. However, be aware that these account-less Tunnels have no uptime guarantee, are subject to the Cloudflare Online Services Terms of Use (https://www.cloudflare.com/website-terms/), and Cloudflare reserves the right to investigate your use of Tunnels for violations of such terms. If you intend to use Tunnels in production you should use a pre-created named tunnel by following: https://developers.cloudflare.com/cloudflare-one/connections/connect-apps
2026-07-27T19:05:31Z INF Requesting new quick Tunnel on trycloudflare.com...
2026-07-27T19:05:36Z INF +--------------------------------------------------------------------------------------------+
2026-07-27T19:05:36Z INF |  Your quick Tunnel has been created! Visit it at (it may take some time to be reachable):  |
2026-07-27T19:05:36Z INF |  https://library-luxury-thickness-specialists.trycloudflare.com                            |
2026-07-27T19:05:36Z INF +--------------------------------------------------------------------------------------------+
2026-07-27T19:05:36Z INF Cannot determine default configuration path. No file [config.yml config.yaml] in [~/.cloudflared ~/.cloudflare-warp ~/cloudflare-warp /etc/cloudflared /usr/local/etc/cloudflared]
2026-07-27T19:05:36Z INF Version 2026.6.1 (Checksum 5861a10a438fe8ddcfebb3b830f83966cbf193edafce0fe2eeb198fbae1f7a22)
2026-07-27T19:05:36Z INF GOOS: linux, GOVersion: go1.26.4, GoArch: amd64
2026-07-27T19:05:36Z INF Settings: map[ha-connections:1 protocol:quic url:http://localhost:8800]
2026-07-27T19:05:36Z INF Autoupdate frequency is set autoupdateFreq=86400000
2026-07-27T19:05:36Z INF Generated Connector ID: d571c964-d1ae-430f-86d7-bb81870b939b
2026-07-27T19:05:36Z INF Initial protocol quic
2026-07-27T19:05:36Z INF ICMP proxy will use 192.168.0.202 as source for IPv4
2026-07-27T19:05:36Z INF ICMP proxy will use fe80::428d:5cff:fe24:29ec in zone eth0 as source for IPv6
2026-07-27T19:05:36Z INF ICMP proxy will use 192.168.0.202 as source for IPv4
2026-07-27T19:05:36Z INF ICMP proxy will use fe80::428d:5cff:fe24:29ec in zone eth0 as source for IPv6
2026-07-27T19:05:36Z INF Starting metrics server on 127.0.0.1:20241/metrics
2026-07-27T19:05:36Z INF Tunnel connection curve preferences: [X25519MLKEM768 CurveID(65074) CurveP256] connIndex=0 event=0 ip=198.41.200.43
2026-07-27T19:05:37Z INF Registered tunnel connection connIndex=0 connection=f3e2f8c0-437a-4745-b926-bd3c214ae37b event=0 ip=198.41.200.43 location=bom12 protocol=quic
2026-07-27T19:05:42Z INF +-------------------------------------------------------------------------------------+
2026-07-27T19:05:42Z INF |                               CONNECTIVITY PRE-CHECKS                               |
2026-07-27T19:05:42Z INF +-------------------------------------------------------------------------------------+
2026-07-27T19:05:42Z INF |  COMPONENT         TARGET                     STATUS  DETAILS                       |
2026-07-27T19:05:42Z INF |  DNS Resolution    region1.v2.argotunnel.com  PASS    DNS Resolved successfully     |
2026-07-27T19:05:42Z INF |  DNS Resolution    region2.v2.argotunnel.com  PASS    DNS Resolved successfully     |
2026-07-27T19:05:42Z INF |  UDP Connectivity  region1.v2.argotunnel.com  PASS    QUIC connection successful    |
2026-07-27T19:05:42Z INF |  UDP Connectivity  region2.v2.argotunnel.com  PASS    QUIC connection successful    |
2026-07-27T19:05:42Z INF |  TCP Connectivity  region1.v2.argotunnel.com  PASS    HTTP/2 connection successful  |
2026-07-27T19:05:42Z INF |  TCP Connectivity  region2.v2.argotunnel.com  PASS    HTTP/2 connection successful  |
2026-07-27T19:05:42Z INF |  Cloudflare API    api.cloudflare.com:443     PASS    API is reachable              |
2026-07-27T19:05:42Z INF |                                                                                     |
2026-07-27T19:05:42Z INF |  SUMMARY: Environment is healthy. cloudflared will use 'quic' as primary protocol.  |
2026-07-27T19:05:42Z INF +-------------------------------------------------------------------------------------+
2026-07-27T19:05:42Z INF precheck component="DNS Resolution" details="DNS Resolved successfully" run_id=29597cc6-0fdc-4b78-bfcc-e79a2b681bcc status=pass target=region1.v2.argotunnel.com
2026-07-27T19:05:42Z INF precheck component="DNS Resolution" details="DNS Resolved successfully" run_id=29597cc6-0fdc-4b78-bfcc-e79a2b681bcc status=pass target=region2.v2.argotunnel.com
2026-07-27T19:05:42Z INF precheck component="UDP Connectivity" details="QUIC connection successful" run_id=29597cc6-0fdc-4b78-bfcc-e79a2b681bcc status=pass target=region1.v2.argotunnel.com
2026-07-27T19:05:42Z INF precheck component="UDP Connectivity" details="QUIC connection successful" run_id=29597cc6-0fdc-4b78-bfcc-e79a2b681bcc status=pass target=region2.v2.argotunnel.com
2026-07-27T19:05:42Z INF precheck component="TCP Connectivity" details="HTTP/2 connection successful" run_id=29597cc6-0fdc-4b78-bfcc-e79a2b681bcc status=pass target=region1.v2.argotunnel.com
2026-07-27T19:05:42Z INF precheck component="TCP Connectivity" details="HTTP/2 connection successful" run_id=29597cc6-0fdc-4b78-bfcc-e79a2b681bcc status=pass target=region2.v2.argotunnel.com
2026-07-27T19:05:42Z INF precheck component="Cloudflare API" details="API is reachable" run_id=29597cc6-0fdc-4b78-bfcc-e79a2b681bcc status=pass target=api.cloudflare.com:443
2026-07-27T19:05:42Z INF precheck complete hard_fail=false run_id=29597cc6-0fdc-4b78-bfcc-e79a2b681bcc suggested_protocol=quic
2026-07-27T19:06:31Z INF Initiating graceful shutdown due to signal terminated ...
2026-07-27T19:06:31Z ERR failed to run the datagram handler error="context canceled" connIndex=0 event=0 ip=198.41.200.43
2026-07-27T19:06:31Z ERR failed to serve tunnel connection error="accept stream listener encountered a failure while serving" connIndex=0 event=0 ip=198.41.200.43
2026-07-27T19:06:31Z ERR Serve tunnel error error="accept stream listener encountered a failure while serving" connIndex=0 event=0 ip=198.41.200.43
2026-07-27T19:06:31Z INF Retrying connection in up to 1s connIndex=0 event=0 ip=198.41.200.43
2026-07-27T19:06:31Z ERR Connection terminated connIndex=0
2026-07-27T19:06:31Z ERR no more connections active and exiting
2026-07-27T19:06:31Z INF Tunnel server stopped
2026-07-27T19:06:31Z INF Metrics server stopped
2026-07-27T19:06:34Z INF Thank you for trying Cloudflare Tunnel. Doing so, without a Cloudflare account, is a quick way to experiment and try it out. However, be aware that these account-less Tunnels have no uptime guarantee, are subject to the Cloudflare Online Services Terms of Use (https://www.cloudflare.com/website-terms/), and Cloudflare reserves the right to investigate your use of Tunnels for violations of such terms. If you intend to use Tunnels in production you should use a pre-created named tunnel by following: https://developers.cloudflare.com/cloudflare-one/connections/connect-apps
2026-07-27T19:06:34Z INF Requesting new quick Tunnel on trycloudflare.com...
2026-07-27T19:06:41Z INF +--------------------------------------------------------------------------------------------+
2026-07-27T19:06:41Z INF |  Your quick Tunnel has been created! Visit it at (it may take some time to be reachable):  |
2026-07-27T19:06:41Z INF |  https://suggestions-condo-cumulative-grew.trycloudflare.com                               |
2026-07-27T19:06:41Z INF +--------------------------------------------------------------------------------------------+
2026-07-27T19:06:41Z INF Cannot determine default configuration path. No file [config.yml config.yaml] in [~/.cloudflared ~/.cloudflare-warp ~/cloudflare-warp /etc/cloudflared /usr/local/etc/cloudflared]
2026-07-27T19:06:41Z INF Version 2026.6.1 (Checksum 5861a10a438fe8ddcfebb3b830f83966cbf193edafce0fe2eeb198fbae1f7a22)
2026-07-27T19:06:41Z INF GOOS: linux, GOVersion: go1.26.4, GoArch: amd64
2026-07-27T19:06:41Z INF Settings: map[ha-connections:1 protocol:quic url:http://localhost:8800]
2026-07-27T19:06:41Z INF Autoupdate frequency is set autoupdateFreq=86400000
2026-07-27T19:06:41Z INF Generated Connector ID: 6681c42e-fcb8-47ea-97c9-0dce3a835ee2
2026-07-27T19:06:41Z INF Initial protocol quic
2026-07-27T19:06:41Z INF ICMP proxy will use 192.168.0.202 as source for IPv4
2026-07-27T19:06:41Z INF ICMP proxy will use fe80::428d:5cff:fe24:29ec in zone eth0 as source for IPv6
2026-07-27T19:06:41Z INF ICMP proxy will use 192.168.0.202 as source for IPv4
2026-07-27T19:06:41Z INF ICMP proxy will use fe80::428d:5cff:fe24:29ec in zone eth0 as source for IPv6
2026-07-27T19:06:41Z INF Starting metrics server on 127.0.0.1:20242/metrics
2026-07-27T19:06:41Z INF Tunnel connection curve preferences: [X25519MLKEM768 CurveID(65074) CurveP256] connIndex=0 event=0 ip=198.41.192.227
2026-07-27T19:06:41Z INF Registered tunnel connection connIndex=0 connection=6fd5b62f-468a-498e-85db-8a8996e02537 event=0 ip=198.41.192.227 location=bom06 protocol=quic
2026-07-27T19:06:47Z INF +-------------------------------------------------------------------------------------+
2026-07-27T19:06:47Z INF |                               CONNECTIVITY PRE-CHECKS                               |
2026-07-27T19:06:47Z INF +-------------------------------------------------------------------------------------+
2026-07-27T19:06:47Z INF |  COMPONENT         TARGET                     STATUS  DETAILS                       |
2026-07-27T19:06:47Z INF |  DNS Resolution    region1.v2.argotunnel.com  PASS    DNS Resolved successfully     |
2026-07-27T19:06:47Z INF |  DNS Resolution    region2.v2.argotunnel.com  PASS    DNS Resolved successfully     |
2026-07-27T19:06:47Z INF |  UDP Connectivity  region1.v2.argotunnel.com  PASS    QUIC connection successful    |
2026-07-27T19:06:47Z INF |  UDP Connectivity  region2.v2.argotunnel.com  PASS    QUIC connection successful    |
2026-07-27T19:06:47Z INF |  TCP Connectivity  region1.v2.argotunnel.com  PASS    HTTP/2 connection successful  |
2026-07-27T19:06:47Z INF |  TCP Connectivity  region2.v2.argotunnel.com  PASS    HTTP/2 connection successful  |
2026-07-27T19:06:47Z INF |  Cloudflare API    api.cloudflare.com:443     PASS    API is reachable              |
2026-07-27T19:06:47Z INF |                                                                                     |
2026-07-27T19:06:47Z INF |  SUMMARY: Environment is healthy. cloudflared will use 'quic' as primary protocol.  |
2026-07-27T19:06:47Z INF +-------------------------------------------------------------------------------------+
2026-07-27T19:06:47Z INF precheck component="DNS Resolution" details="DNS Resolved successfully" run_id=9f393660-e33a-4305-9a8b-eaffa68f5281 status=pass target=region1.v2.argotunnel.com
2026-07-27T19:06:47Z INF precheck component="DNS Resolution" details="DNS Resolved successfully" run_id=9f393660-e33a-4305-9a8b-eaffa68f5281 status=pass target=region2.v2.argotunnel.com
2026-07-27T19:06:47Z INF precheck component="UDP Connectivity" details="QUIC connection successful" run_id=9f393660-e33a-4305-9a8b-eaffa68f5281 status=pass target=region1.v2.argotunnel.com
2026-07-27T19:06:47Z INF precheck component="UDP Connectivity" details="QUIC connection successful" run_id=9f393660-e33a-4305-9a8b-eaffa68f5281 status=pass target=region2.v2.argotunnel.com
2026-07-27T19:06:47Z INF precheck component="TCP Connectivity" details="HTTP/2 connection successful" run_id=9f393660-e33a-4305-9a8b-eaffa68f5281 status=pass target=region1.v2.argotunnel.com
2026-07-27T19:06:47Z INF precheck component="TCP Connectivity" details="HTTP/2 connection successful" run_id=9f393660-e33a-4305-9a8b-eaffa68f5281 status=pass target=region2.v2.argotunnel.com
2026-07-27T19:06:47Z INF precheck component="Cloudflare API" details="API is reachable" run_id=9f393660-e33a-4305-9a8b-eaffa68f5281 status=pass target=api.cloudflare.com:443
2026-07-27T19:06:47Z INF precheck complete hard_fail=false run_id=9f393660-e33a-4305-9a8b-eaffa68f5281 suggested_protocol=quic
2026-07-28T04:06:41Z ERR Failed to refresh feature selector error="lookup cfd-features.argotunnel.com on 192.168.0.1:53: server misbehaving"
