[watchdog Tue Jul 28 12:35:01 AM IST 2026] ok
[watchdog Tue Jul 28 12:40:01 AM IST 2026] ok
[watchdog Tue Jul 28 12:45:01 AM IST 2026] ok
[watchdog Tue Jul 28 12:50:01 AM IST 2026] ok
[watchdog Tue Jul 28 12:55:01 AM IST 2026] ok
[watchdog Tue Jul 28 01:00:02 AM IST 2026] ok
[watchdog Tue Jul 28 01:05:01 AM IST 2026] ok
[watchdog Tue Jul 28 01:10:01 AM IST 2026] ok
[watchdog Tue Jul 28 01:15:01 AM IST 2026] ok
[watchdog Tue Jul 28 01:20:01 AM IST 2026] ok
[watchdog Tue Jul 28 01:25:01 AM IST 2026] ok
[watchdog Tue Jul 28 01:30:01 AM IST 2026] ok
[watchdog Tue Jul 28 01:35:01 AM IST 2026] ok
[watchdog Tue Jul 28 01:40:01 AM IST 2026] ok
[watchdog Tue Jul 28 01:45:01 AM IST 2026] ok
[watchdog Tue Jul 28 01:50:01 AM IST 2026] ok
[watchdog Tue Jul 28 01:55:01 AM IST 2026] ok
[watchdog Tue Jul 28 02:00:01 AM IST 2026] ok
[watchdog Tue Jul 28 02:05:01 AM IST 2026] ok
[watchdog Tue Jul 28 02:10:01 AM IST 2026] ok
[watchdog Tue Jul 28 02:15:01 AM IST 2026] ok
[watchdog Tue Jul 28 02:20:01 AM IST 2026] ok
[watchdog Tue Jul 28 02:25:02 AM IST 2026] ok
[watchdog Tue Jul 28 02:30:01 AM IST 2026] ok
[watchdog Tue Jul 28 02:35:01 AM IST 2026] ok
[watchdog Tue Jul 28 02:40:01 AM IST 2026] ok
[watchdog Tue Jul 28 02:45:01 AM IST 2026] ok
[watchdog Tue Jul 28 02:50:01 AM IST 2026] ok
[watchdog Tue Jul 28 02:55:01 AM IST 2026] ok
[watchdog Tue Jul 28 03:00:01 AM IST 2026] ok
[watchdog Tue Jul 28 03:05:02 AM IST 2026] ok
[watchdog Tue Jul 28 03:10:01 AM IST 2026] ok
[watchdog Tue Jul 28 03:15:01 AM IST 2026] ok
[watchdog Tue Jul 28 03:20:01 AM IST 2026] ok
[watchdog Tue Jul 28 03:25:01 AM IST 2026] ok
[watchdog Tue Jul 28 03:30:01 AM IST 2026] ok
[watchdog Tue Jul 28 03:35:01 AM IST 2026] ok
[watchdog Tue Jul 28 03:40:01 AM IST 2026] ok
[watchdog Tue Jul 28 03:45:01 AM IST 2026] ok
[watchdog Tue Jul 28 03:50:01 AM IST 2026] ok
[watchdog Tue Jul 28 03:55:01 AM IST 2026] ok
[watchdog Tue Jul 28 04:00:01 AM IST 2026] ok
[watchdog Tue Jul 28 04:05:02 AM IST 2026] ok
[watchdog Tue Jul 28 04:10:01 AM IST 2026] ok
[watchdog Tue Jul 28 04:15:01 AM IST 2026] ok
[watchdog Tue Jul 28 04:20:01 AM IST 2026] ok
[watchdog Tue Jul 28 04:25:01 AM IST 2026] ok
[watchdog Tue Jul 28 04:30:01 AM IST 2026] ok
[watchdog Tue Jul 28 04:35:01 AM IST 2026] ok
[watchdog Tue Jul 28 04:40:01 AM IST 2026] ok
[watchdog Tue Jul 28 04:45:01 AM IST 2026] ok
[watchdog Tue Jul 28 04:50:01 AM IST 2026] ok
[watchdog Tue Jul 28 04:55:01 AM IST 2026] ok
[watchdog Tue Jul 28 05:00:01 AM IST 2026] ok
[watchdog Tue Jul 28 05:05:01 AM IST 2026] ok
[watchdog Tue Jul 28 05:10:01 AM IST 2026] ok
[watchdog Tue Jul 28 05:15:02 AM IST 2026] ok
[watchdog Tue Jul 28 05:20:01 AM IST 2026] ok
[watchdog Tue Jul 28 05:25:01 AM IST 2026] ok
[watchdog Tue Jul 28 05:30:01 AM IST 2026] ok
[watchdog Tue Jul 28 05:35:01 AM IST 2026] ok
[watchdog Tue Jul 28 05:40:01 AM IST 2026] ok
[watchdog Tue Jul 28 05:45:01 AM IST 2026] ok
[watchdog Tue Jul 28 05:50:01 AM IST 2026] ok
[watchdog Tue Jul 28 05:55:01 AM IST 2026] ok
[watchdog Tue Jul 28 06:00:01 AM IST 2026] ok
[watchdog Tue Jul 28 06:05:01 AM IST 2026] ok
[watchdog Tue Jul 28 06:10:01 AM IST 2026] ok
[watchdog Tue Jul 28 06:15:02 AM IST 2026] ok
[watchdog Tue Jul 28 06:20:01 AM IST 2026] ok
[watchdog Tue Jul 28 06:25:01 AM IST 2026] ok
[watchdog Tue Jul 28 06:30:01 AM IST 2026] ok
[watchdog Tue Jul 28 06:35:01 AM IST 2026] ok
[watchdog Tue Jul 28 06:40:01 AM IST 2026] ok
[watchdog Tue Jul 28 06:45:01 AM IST 2026] ok
[watchdog Tue Jul 28 06:50:01 AM IST 2026] ok
[watchdog Tue Jul 28 06:55:01 AM IST 2026] ok
[watchdog Tue Jul 28 07:00:01 AM IST 2026] ok
[watchdog Tue Jul 28 07:05:01 AM IST 2026] ok
[watchdog Tue Jul 28 07:10:01 AM IST 2026] ok
[watchdog Tue Jul 28 07:15:01 AM IST 2026] ok
[watchdog Tue Jul 28 07:20:02 AM IST 2026] ok
[watchdog Tue Jul 28 07:25:01 AM IST 2026] ok
[watchdog Tue Jul 28 07:30:01 AM IST 2026] ok
[watchdog Tue Jul 28 07:35:01 AM IST 2026] ok
[watchdog Tue Jul 28 07:40:01 AM IST 2026] ok
[watchdog Tue Jul 28 07:45:01 AM IST 2026] ok
[watchdog Tue Jul 28 07:50:01 AM IST 2026] ok
[watchdog Tue Jul 28 07:55:01 AM IST 2026] ok
[watchdog Tue Jul 28 08:00:01 AM IST 2026] ok
[watchdog Tue Jul 28 08:05:01 AM IST 2026] ok
[watchdog Tue Jul 28 08:10:01 AM IST 2026] ok
[watchdog Tue Jul 28 08:15:01 AM IST 2026] ok
[watchdog Tue Jul 28 08:20:01 AM IST 2026] ok
[watchdog Tue Jul 28 08:25:02 AM IST 2026] ok
[watchdog Tue Jul 28 08:30:01 AM IST 2026] ok
[watchdog Tue Jul 28 08:35:01 AM IST 2026] ok
[watchdog Tue Jul 28 08:40:01 AM IST 2026] ok
[watchdog Tue Jul 28 08:45:01 AM IST 2026] ok
[watchdog Tue Jul 28 08:50:01 AM IST 2026] ok
[watchdog Tue Jul 28 08:55:01 AM IST 2026] ok
[watchdog Tue Jul 28 09:00:01 AM IST 2026] ok
[watchdog Tue Jul 28 09:05:01 AM IST 2026] ok
[watchdog Tue Jul 28 09:10:01 AM IST 2026] ok
[watchdog Tue Jul 28 09:15:01 AM IST 2026] ok
[watchdog Tue Jul 28 09:20:01 AM IST 2026] ok
[watchdog Tue Jul 28 09:25:01 AM IST 2026] ok
[watchdog Tue Jul 28 09:30:01 AM IST 2026] ok
[watchdog Tue Jul 28 09:35:01 AM IST 2026] ok
[watchdog Tue Jul 28 09:40:01 AM IST 2026] ok
[watchdog Tue Jul 28 09:45:01 AM IST 2026] ok
[watchdog Tue Jul 28 09:50:01 AM IST 2026] ok
[watchdog Tue Jul 28 09:55:01 AM IST 2026] ok
[watchdog Tue Jul 28 10:00:01 AM IST 2026] ok
[watchdog Tue Jul 28 10:05:02 AM IST 2026] ok
[watchdog Tue Jul 28 10:10:01 AM IST 2026] ok
[watchdog Tue Jul 28 10:15:01 AM IST 2026] ok
[watchdog Tue Jul 28 10:20:01 AM IST 2026] ok
[watchdog Tue Jul 28 10:25:01 AM IST 2026] ok
[watchdog Tue Jul 28 10:30:01 AM IST 2026] ok
[watchdog Tue Jul 28 10:35:01 AM IST 2026] tunnel down -> restart
[watchdog Tue Jul 28 10:35:01 AM IST 2026] ok
[watchdog Tue Jul 28 10:40:01 AM IST 2026] tunnel down -> restart
[watchdog Tue Jul 28 10:40:01 AM IST 2026] ok
[watchdog Tue Jul 28 10:45:01 AM IST 2026] tunnel down -> restart
[watchdog Tue Jul 28 10:45:01 AM IST 2026] ok
[watchdog Tue Jul 28 10:50:01 AM IST 2026] tunnel down -> restart
[watchdog Tue Jul 28 10:50:01 AM IST 2026] ok
[watchdog Tue Jul 28 10:55:01 AM IST 2026] tunnel down -> restart
[watchdog Tue Jul 28 10:55:01 AM IST 2026] ok
[watchdog Tue Jul 28 11:00:01 AM IST 2026] tunnel down -> restart
[watchdog Tue Jul 28 11:00:01 AM IST 2026] ok
[watchdog Tue Jul 28 11:05:02 AM IST 2026] tunnel down -> restart
[watchdog Tue Jul 28 11:05:02 AM IST 2026] ok
[watchdog Tue Jul 28 11:10:01 AM IST 2026] ok
[watchdog Tue Jul 28 11:15:01 AM IST 2026] ok
[watchdog Tue Jul 28 11:20:01 AM IST 2026] ok
[watchdog Tue Jul 28 11:25:01 AM IST 2026] ok
[watchdog Tue Jul 28 11:30:01 AM IST 2026] ok
[watchdog Tue Jul 28 11:35:01 AM IST 2026] ok
[watchdog Tue Jul 28 11:40:01 AM IST 2026] ok
[watchdog Tue Jul 28 11:45:02 AM IST 2026] ok
[watchdog Tue Jul 28 11:50:01 AM IST 2026] ok
[watchdog Tue Jul 28 11:55:01 AM IST 2026] ok
[watchdog Tue Jul 28 12:00:01 PM IST 2026] ok
[watchdog Tue Jul 28 12:05:01 PM IST 2026] ok
[watchdog Tue Jul 28 12:10:01 PM IST 2026] ok
[watchdog Tue Jul 28 12:15:01 PM IST 2026] ok
[watchdog Tue Jul 28 12:20:02 PM IST 2026] ok
[watchdog Tue Jul 28 12:25:01 PM IST 2026] ok
[watchdog Tue Jul 28 12:30:01 PM IST 2026] ok
[watchdog Tue Jul 28 12:35:01 PM IST 2026] ok
[watchdog Tue Jul 28 12:40:02 PM IST 2026] ok
[watchdog Tue Jul 28 12:45:01 PM IST 2026] ok
[watchdog Tue Jul 28 12:50:01 PM IST 2026] ok
[watchdog Tue Jul 28 12:55:01 PM IST 2026] ok
[watchdog Tue Jul 28 01:00:01 PM IST 2026] ok
[watchdog Tue Jul 28 01:05:01 PM IST 2026] ok
[watchdog Tue Jul 28 01:10:02 PM IST 2026] ok
[watchdog Tue Jul 28 01:15:01 PM IST 2026] ok
[watchdog Tue Jul 28 01:20:01 PM IST 2026] ok
[watchdog Tue Jul 28 01:25:01 PM IST 2026] ok
[watchdog Tue Jul 28 01:30:01 PM IST 2026] ok
[watchdog Tue Jul 28 01:35:01 PM IST 2026] ok
[watchdog Tue Jul 28 01:40:01 PM IST 2026] ok
[watchdog Tue Jul 28 01:45:01 PM IST 2026] ok
[watchdog Tue Jul 28 01:50:01 PM IST 2026] ok
[watchdog Tue Jul 28 01:55:02 PM IST 2026] ok
[watchdog Tue Jul 28 02:00:01 PM IST 2026] ok
[watchdog Tue Jul 28 02:05:01 PM IST 2026] ok
[watchdog Tue Jul 28 02:10:02 PM IST 2026] ok
[watchdog Tue Jul 28 02:15:01 PM IST 2026] ok
[watchdog Tue Jul 28 02:20:01 PM IST 2026] ok
[watchdog Tue Jul 28 02:25:01 PM IST 2026] ok
[watchdog Tue Jul 28 02:30:01 PM IST 2026] ok
[watchdog Tue Jul 28 02:35:01 PM IST 2026] ok
[watchdog Tue Jul 28 02:40:01 PM IST 2026] ok
[watchdog Tue Jul 28 02:45:01 PM IST 2026] ok
[watchdog Tue Jul 28 02:50:02 PM IST 2026] ok
[watchdog Tue Jul 28 02:55:01 PM IST 2026] ok
[watchdog Tue Jul 28 03:00:01 PM IST 2026] ok
[watchdog Tue Jul 28 03:05:01 PM IST 2026] ok
[watchdog Tue Jul 28 03:10:02 PM IST 2026] ok
[watchdog Tue Jul 28 03:15:01 PM IST 2026] ok
[watchdog Tue Jul 28 03:20:01 PM IST 2026] ok
[watchdog Tue Jul 28 03:25:01 PM IST 2026] ok
[watchdog Tue Jul 28 03:30:01 PM IST 2026] ok
[watchdog Tue Jul 28 03:35:01 PM IST 2026] ok
[watchdog Tue Jul 28 03:40:01 PM IST 2026] ok
[watchdog Tue Jul 28 03:45:02 PM IST 2026] ok
[watchdog Tue Jul 28 03:50:01 PM IST 2026] ok
[watchdog Tue Jul 28 03:55:01 PM IST 2026] ok
[watchdog Tue Jul 28 04:00:01 PM IST 2026] ok
[watchdog Tue Jul 28 04:05:01 PM IST 2026] ok
[watchdog Tue Jul 28 04:10:01 PM IST 2026] ok
[watchdog Tue Jul 28 04:15:02 PM IST 2026] ok
[watchdog Tue Jul 28 04:20:01 PM IST 2026] ok
[watchdog Tue Jul 28 04:25:01 PM IST 2026] ok
[watchdog Tue Jul 28 04:30:01 PM IST 2026] ok
[watchdog Tue Jul 28 04:35:01 PM IST 2026] ok
[watchdog Tue Jul 28 04:40:01 PM IST 2026] ok
[watchdog Tue Jul 28 04:45:02 PM IST 2026] ok
[watchdog Tue Jul 28 04:50:01 PM IST 2026] ok
[watchdog Tue Jul 28 04:55:01 PM IST 2026] ok
[watchdog Tue Jul 28 05:00:01 PM IST 2026] ok
[watchdog Tue Jul 28 05:05:01 PM IST 2026] ok
[watchdog Tue Jul 28 05:10:01 PM IST 2026] ok
[watchdog Tue Jul 28 05:15:01 PM IST 2026] ok
[watchdog Tue Jul 28 05:20:02 PM IST 2026] ok
[watchdog Tue Jul 28 05:25:01 PM IST 2026] ok
[watchdog Tue Jul 28 05:30:01 PM IST 2026] ok
[watchdog Tue Jul 28 05:35:01 PM IST 2026] ok
[watchdog Tue Jul 28 05:40:01 PM IST 2026] ok
[watchdog Tue Jul 28 05:45:01 PM IST 2026] ok
[watchdog Tue Jul 28 05:50:01 PM IST 2026] ok
[watchdog Tue Jul 28 05:55:02 PM IST 2026] ok
[watchdog Tue Jul 28 06:00:01 PM IST 2026] ok
[watchdog Tue Jul 28 06:05:01 PM IST 2026] ok
[watchdog Tue Jul 28 06:10:01 PM IST 2026] ok
[watchdog Tue Jul 28 06:15:01 PM IST 2026] ok
[watchdog Tue Jul 28 06:20:01 PM IST 2026] ok
[watchdog Tue Jul 28 06:25:01 PM IST 2026] ok
[watchdog Tue Jul 28 06:30:01 PM IST 2026] ok
[watchdog Tue Jul 28 06:35:01 PM IST 2026] ok
[watchdog Tue Jul 28 06:40:01 PM IST 2026] ok
[watchdog Tue Jul 28 06:45:01 PM IST 2026] ok
[watchdog Tue Jul 28 06:50:01 PM IST 2026] ok
[watchdog Tue Jul 28 06:55:02 PM IST 2026] ok
[watchdog Tue Jul 28 07:00:01 PM IST 2026] ok
[watchdog Tue Jul 28 07:05:01 PM IST 2026] ok
[watchdog Tue Jul 28 07:10:01 PM IST 2026] ok
[watchdog Tue Jul 28 07:15:02 PM IST 2026] ok
[watchdog Tue Jul 28 07:20:01 PM IST 2026] ok
[watchdog Tue Jul 28 07:25:01 PM IST 2026] ok
[watchdog Tue Jul 28 07:30:01 PM IST 2026] ok
[watchdog Tue Jul 28 07:35:02 PM IST 2026] ok
[watchdog Tue Jul 28 07:40:01 PM IST 2026] ok
[watchdog Tue Jul 28 07:45:01 PM IST 2026] ok
[watchdog Tue Jul 28 07:50:01 PM IST 2026] ok
[watchdog Tue Jul 28 07:55:01 PM IST 2026] ok
[watchdog Tue Jul 28 08:00:02 PM IST 2026] ok
[watchdog Tue Jul 28 08:05:01 PM IST 2026] ok
[watchdog Tue Jul 28 08:10:02 PM IST 2026] ok
[watchdog Tue Jul 28 08:15:01 PM IST 2026] ok
[watchdog Tue Jul 28 08:20:01 PM IST 2026] ok
[watchdog Tue Jul 28 08:25:01 PM IST 2026] ok
[watchdog Tue Jul 28 08:30:02 PM IST 2026] ok
[watchdog Tue Jul 28 08:35:01 PM IST 2026] ok
[watchdog Tue Jul 28 08:40:01 PM IST 2026] ok
[watchdog Tue Jul 28 08:45:02 PM IST 2026] ok
[watchdog Tue Jul 28 08:50:01 PM IST 2026] ok
[watchdog Tue Jul 28 08:55:01 PM IST 2026] ok
[watchdog Tue Jul 28 09:00:01 PM IST 2026] ok
[watchdog Tue Jul 28 09:05:01 PM IST 2026] ok
[watchdog Tue Jul 28 09:10:01 PM IST 2026] ok
[watchdog Tue Jul 28 09:15:01 PM IST 2026] ok
[watchdog Tue Jul 28 09:20:01 PM IST 2026] ok
[watchdog Tue Jul 28 09:25:01 PM IST 2026] ok
[watchdog Tue Jul 28 09:30:02 PM IST 2026] ok
[watchdog Tue Jul 28 09:35:01 PM IST 2026] ok
[watchdog Tue Jul 28 09:40:01 PM IST 2026] ok
[watchdog Tue Jul 28 09:45:01 PM IST 2026] ok
[watchdog Tue Jul 28 09:50:01 PM IST 2026] ok
[watchdog Tue Jul 28 09:55:01 PM IST 2026] ok
[watchdog Tue Jul 28 10:00:02 PM IST 2026] ok
[watchdog Tue Jul 28 10:05:01 PM IST 2026] ok
[watchdog Tue Jul 28 10:10:01 PM IST 2026] ok
[watchdog Tue Jul 28 10:15:01 PM IST 2026] ok
[watchdog Tue Jul 28 10:20:02 PM IST 2026] ok
[watchdog Tue Jul 28 10:25:01 PM IST 2026] ok
[watchdog Tue Jul 28 10:30:01 PM IST 2026] ok
[watchdog Tue Jul 28 10:35:01 PM IST 2026] ok
[watchdog Tue Jul 28 10:40:01 PM IST 2026] ok
[watchdog Tue Jul 28 10:45:01 PM IST 2026] ok
[watchdog Tue Jul 28 10:50:02 PM IST 2026] ok
[watchdog Tue Jul 28 10:55:01 PM IST 2026] ok
[watchdog Tue Jul 28 11:00:01 PM IST 2026] ok
[watchdog Tue Jul 28 11:05:02 PM IST 2026] ok
[watchdog Tue Jul 28 11:10:01 PM IST 2026] ok
[watchdog Tue Jul 28 11:15:01 PM IST 2026] ok
[watchdog Tue Jul 28 11:20:01 PM IST 2026] ok
[watchdog Tue Jul 28 11:25:01 PM IST 2026] ok
[watchdog Tue Jul 28 11:30:02 PM IST 2026] ok
[watchdog Tue Jul 28 11:35:01 PM IST 2026] ok
[watchdog Tue Jul 28 11:40:01 PM IST 2026] ok
[watchdog Tue Jul 28 11:45:01 PM IST 2026] ok
[watchdog Tue Jul 28 11:50:01 PM IST 2026] ok
[watchdog Tue Jul 28 11:55:01 PM IST 2026] ok
[watchdog Wed Jul 29 12:00:02 AM IST 2026] ok
[watchdog Wed Jul 29 12:05:01 AM IST 2026] ok
[watchdog Wed Jul 29 12:10:01 AM IST 2026] ok
[watchdog Wed Jul 29 12:15:01 AM IST 2026] ok
[watchdog Wed Jul 29 12:20:01 AM IST 2026] ok
[watchdog Wed Jul 29 12:25:02 AM IST 2026] ok
[watchdog Wed Jul 29 12:30:01 AM IST 2026] ok
[watchdog Wed Jul 29 12:35:01 AM IST 2026] ok
[watchdog Wed Jul 29 12:40:01 AM IST 2026] ok
[watchdog Wed Jul 29 12:45:01 AM IST 2026] ok
[watchdog Wed Jul 29 12:50:01 AM IST 2026] ok
[watchdog Wed Jul 29 12:55:01 AM IST 2026] ok
[watchdog Wed Jul 29 01:00:02 AM IST 2026] ok
[watchdog Wed Jul 29 01:05:01 AM IST 2026] ok
[watchdog Wed Jul 29 01:10:01 AM IST 2026] ok
[watchdog Wed Jul 29 01:15:01 AM IST 2026] ok
[watchdog Wed Jul 29 01:20:02 AM IST 2026] ok
[watchdog Wed Jul 29 01:25:01 AM IST 2026] ok
[watchdog Wed Jul 29 01:30:01 AM IST 2026] ok
[watchdog Wed Jul 29 01:35:01 AM IST 2026] ok
[watchdog Wed Jul 29 01:40:01 AM IST 2026] ok
[watchdog Wed Jul 29 01:45:01 AM IST 2026] ok
[watchdog Wed Jul 29 01:50:01 AM IST 2026] ok
[watchdog Wed Jul 29 01:55:02 AM IST 2026] ok
[watchdog Wed Jul 29 02:00:01 AM IST 2026] ok
[watchdog Wed Jul 29 02:05:02 AM IST 2026] ok
[watchdog Wed Jul 29 02:10:01 AM IST 2026] ok
[watchdog Wed Jul 29 02:15:01 AM IST 2026] ok
[watchdog Wed Jul 29 02:20:01 AM IST 2026] ok
[watchdog Wed Jul 29 02:25:01 AM IST 2026] ok
[watchdog Wed Jul 29 02:30:02 AM IST 2026] ok
[watchdog Wed Jul 29 02:35:01 AM IST 2026] ok
[watchdog Wed Jul 29 02:40:01 AM IST 2026] ok
[watchdog Wed Jul 29 02:45:01 AM IST 2026] ok
[watchdog Wed Jul 29 02:50:01 AM IST 2026] ok
[watchdog Wed Jul 29 02:55:01 AM IST 2026] ok
[watchdog Wed Jul 29 03:00:01 AM IST 2026] ok
[watchdog Wed Jul 29 03:05:01 AM IST 2026] ok
[watchdog Wed Jul 29 03:10:01 AM IST 2026] ok
[watchdog Wed Jul 29 03:15:01 AM IST 2026] ok
[watchdog Wed Jul 29 03:20:01 AM IST 2026] ok
[watchdog Wed Jul 29 03:25:01 AM IST 2026] ok
[watchdog Wed Jul 29 03:30:01 AM IST 2026] ok
[watchdog Wed Jul 29 03:35:02 AM IST 2026] ok
[watchdog Wed Jul 29 03:40:01 AM IST 2026] ok
[watchdog Wed Jul 29 03:45:01 AM IST 2026] ok
[watchdog Wed Jul 29 03:50:01 AM IST 2026] ok
[watchdog Wed Jul 29 03:55:01 AM IST 2026] ok
[watchdog Wed Jul 29 04:00:01 AM IST 2026] ok
[watchdog Wed Jul 29 04:05:01 AM IST 2026] ok
[watchdog Wed Jul 29 04:10:01 AM IST 2026] ok
[watchdog Wed Jul 29 04:15:01 AM IST 2026] ok
[watchdog Wed Jul 29 04:20:01 AM IST 2026] ok
[watchdog Wed Jul 29 04:25:01 AM IST 2026] ok
[watchdog Wed Jul 29 04:30:01 AM IST 2026] ok
[watchdog Wed Jul 29 04:35:02 AM IST 2026] ok
[watchdog Wed Jul 29 04:40:01 AM IST 2026] ok
[watchdog Wed Jul 29 04:45:01 AM IST 2026] ok
[watchdog Wed Jul 29 04:50:01 AM IST 2026] ok
[watchdog Wed Jul 29 04:55:01 AM IST 2026] ok
[watchdog Wed Jul 29 05:00:01 AM IST 2026] ok
[watchdog Wed Jul 29 05:05:01 AM IST 2026] ok
[watchdog Wed Jul 29 05:10:01 AM IST 2026] ok
[watchdog Wed Jul 29 05:15:01 AM IST 2026] ok
[watchdog Wed Jul 29 05:20:01 AM IST 2026] ok
[watchdog Wed Jul 29 05:25:01 AM IST 2026] ok
[watchdog Wed Jul 29 05:30:01 AM IST 2026] ok
[watchdog Wed Jul 29 05:35:01 AM IST 2026] ok
[watchdog Wed Jul 29 05:40:02 AM IST 2026] ok
[watchdog Wed Jul 29 05:45:01 AM IST 2026] ok
[watchdog Wed Jul 29 05:50:01 AM IST 2026] ok
[watchdog Wed Jul 29 05:55:01 AM IST 2026] ok
[watchdog Wed Jul 29 06:00:01 AM IST 2026] ok
[watchdog Wed Jul 29 06:05:01 AM IST 2026] ok
[watchdog Wed Jul 29 06:10:01 AM IST 2026] ok
[watchdog Wed Jul 29 06:15:01 AM IST 2026] ok
[watchdog Wed Jul 29 06:20:01 AM IST 2026] ok
[watchdog Wed Jul 29 06:25:01 AM IST 2026] ok
[watchdog Wed Jul 29 06:30:01 AM IST 2026] ok
[watchdog Wed Jul 29 06:35:01 AM IST 2026] ok
[watchdog Wed Jul 29 06:40:02 AM IST 2026] ok
[watchdog Wed Jul 29 06:45:01 AM IST 2026] ok
[watchdog Wed Jul 29 06:50:01 AM IST 2026] ok
[watchdog Wed Jul 29 06:55:01 AM IST 2026] ok
[watchdog Wed Jul 29 07:00:01 AM IST 2026] ok
[watchdog Wed Jul 29 07:05:01 AM IST 2026] ok
[watchdog Wed Jul 29 07:10:01 AM IST 2026] ok
[watchdog Wed Jul 29 07:15:01 AM IST 2026] ok
[watchdog Wed Jul 29 07:20:01 AM IST 2026] ok
[watchdog Wed Jul 29 07:25:01 AM IST 2026] ok
[watchdog Wed Jul 29 07:30:01 AM IST 2026] ok
[watchdog Wed Jul 29 07:35:01 AM IST 2026] ok
[watchdog Wed Jul 29 07:40:02 AM IST 2026] ok
[watchdog Wed Jul 29 07:45:01 AM IST 2026] ok
[watchdog Wed Jul 29 07:50:01 AM IST 2026] ok
[watchdog Wed Jul 29 07:55:01 AM IST 2026] ok
[watchdog Wed Jul 29 08:00:01 AM IST 2026] ok
[watchdog Wed Jul 29 08:05:01 AM IST 2026] ok
[watchdog Wed Jul 29 08:10:01 AM IST 2026] ok
[watchdog Wed Jul 29 08:15:01 AM IST 2026] ok
[watchdog Wed Jul 29 08:20:02 AM IST 2026] ok
[watchdog Wed Jul 29 08:25:01 AM IST 2026] ok
[watchdog Wed Jul 29 08:30:01 AM IST 2026] ok
[watchdog Wed Jul 29 08:35:01 AM IST 2026] ok
[watchdog Wed Jul 29 08:40:01 AM IST 2026] ok
[watchdog Wed Jul 29 08:45:01 AM IST 2026] ok
[watchdog Wed Jul 29 08:50:01 AM IST 2026] ok
[watchdog Wed Jul 29 08:55:01 AM IST 2026] ok
[watchdog Wed Jul 29 09:00:01 AM IST 2026] ok
[watchdog Wed Jul 29 09:05:01 AM IST 2026] ok
[watchdog Wed Jul 29 09:10:01 AM IST 2026] ok
[watchdog Wed Jul 29 09:15:01 AM IST 2026] ok
[watchdog Wed Jul 29 09:20:02 AM IST 2026] ok
[watchdog Wed Jul 29 09:25:01 AM IST 2026] ok
[watchdog Wed Jul 29 09:30:01 AM IST 2026] ok
[watchdog Wed Jul 29 09:35:01 AM IST 2026] ok
[watchdog Wed Jul 29 09:40:01 AM IST 2026] ok
[watchdog Wed Jul 29 09:45:01 AM IST 2026] ok
[watchdog Wed Jul 29 09:50:01 AM IST 2026] ok
[watchdog Wed Jul 29 09:55:01 AM IST 2026] ok
[watchdog Wed Jul 29 10:00:02 AM IST 2026] ok
[watchdog Wed Jul 29 10:05:01 AM IST 2026] ok
[watchdog Wed Jul 29 10:10:02 AM IST 2026] ok
[watchdog Wed Jul 29 10:15:01 AM IST 2026] ok
[watchdog Wed Jul 29 10:20:01 AM IST 2026] ok
[watchdog Wed Jul 29 10:25:01 AM IST 2026] ok
[watchdog Wed Jul 29 10:30:01 AM IST 2026] ok
[watchdog Wed Jul 29 10:35:01 AM IST 2026] ok
[watchdog Wed Jul 29 10:40:01 AM IST 2026] ok
[watchdog Wed Jul 29 10:45:01 AM IST 2026] ok
[watchdog Wed Jul 29 10:50:02 AM IST 2026] ok
[watchdog Wed Jul 29 10:55:01 AM IST 2026] ok
[watchdog Wed Jul 29 11:00:01 AM IST 2026] ok
[watchdog Wed Jul 29 11:05:01 AM IST 2026] ok
[watchdog Wed Jul 29 11:10:01 AM IST 2026] tunnel down -> restart
[watchdog Wed Jul 29 11:10:01 AM IST 2026] ok
[watchdog Wed Jul 29 11:15:02 AM IST 2026] ok
[watchdog Wed Jul 29 11:20:01 AM IST 2026] ok
[watchdog Wed Jul 29 11:25:01 AM IST 2026] ok
[watchdog Wed Jul 29 11:30:01 AM IST 2026] ok
[watchdog Wed Jul 29 11:35:01 AM IST 2026] ok
[watchdog Wed Jul 29 11:40:01 AM IST 2026] ok
[watchdog Wed Jul 29 11:45:01 AM IST 2026] ok
[watchdog Wed Jul 29 11:50:01 AM IST 2026] ok
[watchdog Wed Jul 29 11:55:02 AM IST 2026] ok
[watchdog Wed Jul 29 12:00:01 PM IST 2026] ok
[watchdog Wed Jul 29 12:05:02 PM IST 2026] ok
[watchdog Wed Jul 29 12:10:01 PM IST 2026] ok
[watchdog Wed Jul 29 12:15:01 PM IST 2026] ok
[watchdog Wed Jul 29 12:20:01 PM IST 2026] ok
[watchdog Wed Jul 29 12:25:01 PM IST 2026] ok
[watchdog Wed Jul 29 12:30:01 PM IST 2026] ok
[watchdog Wed Jul 29 12:35:01 PM IST 2026] ok
[watchdog Wed Jul 29 12:40:01 PM IST 2026] ok
[watchdog Wed Jul 29 12:45:02 PM IST 2026] ok
[watchdog Wed Jul 29 12:50:01 PM IST 2026] ok
[watchdog Wed Jul 29 12:55:01 PM IST 2026] ok
[watchdog Wed Jul 29 01:00:01 PM IST 2026] ok
[watchdog Wed Jul 29 01:05:01 PM IST 2026] ok
[watchdog Wed Jul 29 01:10:01 PM IST 2026] ok
[watchdog Wed Jul 29 01:15:01 PM IST 2026] ok
[watchdog Wed Jul 29 01:20:01 PM IST 2026] ok
[watchdog Wed Jul 29 01:25:01 PM IST 2026] ok
[watchdog Wed Jul 29 01:30:01 PM IST 2026] ok
[watchdog Wed Jul 29 01:35:01 PM IST 2026] ok
[watchdog Wed Jul 29 01:40:01 PM IST 2026] ok
[watchdog Wed Jul 29 01:45:02 PM IST 2026] ok
[watchdog Wed Jul 29 01:50:01 PM IST 2026] ok
[watchdog Wed Jul 29 01:55:01 PM IST 2026] ok
[watchdog Wed Jul 29 02:00:01 PM IST 2026] ok
[watchdog Wed Jul 29 02:05:01 PM IST 2026] ok
[watchdog Wed Jul 29 02:10:01 PM IST 2026] ok
[watchdog Wed Jul 29 02:15:01 PM IST 2026] ok
[watchdog Wed Jul 29 02:20:01 PM IST 2026] ok
[watchdog Wed Jul 29 02:25:01 PM IST 2026] ok
[watchdog Wed Jul 29 02:30:02 PM IST 2026] ok
[watchdog Wed Jul 29 02:35:01 PM IST 2026] ok
[watchdog Wed Jul 29 02:40:01 PM IST 2026] ok
[watchdog Wed Jul 29 02:45:01 PM IST 2026] ok
[watchdog Wed Jul 29 02:50:01 PM IST 2026] ok
[watchdog Wed Jul 29 02:55:01 PM IST 2026] ok
[watchdog Wed Jul 29 03:00:01 PM IST 2026] ok
[watchdog Wed Jul 29 03:05:01 PM IST 2026] ok
[watchdog Wed Jul 29 03:10:01 PM IST 2026] ok
[watchdog Wed Jul 29 03:15:01 PM IST 2026] ok
[watchdog Wed Jul 29 03:20:01 PM IST 2026] ok
[watchdog Wed Jul 29 03:25:01 PM IST 2026] ok
[watchdog Wed Jul 29 03:30:01 PM IST 2026] ok
[watchdog Wed Jul 29 03:35:01 PM IST 2026] ok
[watchdog Wed Jul 29 03:40:01 PM IST 2026] ok
[watchdog Wed Jul 29 03:45:01 PM IST 2026] ok
[watchdog Wed Jul 29 03:50:01 PM IST 2026] ok
[watchdog Wed Jul 29 03:55:01 PM IST 2026] ok
[watchdog Wed Jul 29 04:00:02 PM IST 2026] ok
[watchdog Wed Jul 29 04:05:02 PM IST 2026] ok
[watchdog Wed Jul 29 04:10:01 PM IST 2026] ok
[watchdog Wed Jul 29 04:15:01 PM IST 2026] ok
[watchdog Wed Jul 29 04:20:01 PM IST 2026] ok
[watchdog Wed Jul 29 04:25:01 PM IST 2026] ok
[watchdog Wed Jul 29 04:30:01 PM IST 2026] ok
[watchdog Wed Jul 29 04:35:01 PM IST 2026] ok
[watchdog Wed Jul 29 04:40:01 PM IST 2026] ok
[watchdog Wed Jul 29 04:45:01 PM IST 2026] ok
[watchdog Wed Jul 29 04:50:02 PM IST 2026] ok
[watchdog Wed Jul 29 04:55:01 PM IST 2026] ok
[watchdog Wed Jul 29 05:00:01 PM IST 2026] ok
[watchdog Wed Jul 29 05:05:02 PM IST 2026] ok
[watchdog Wed Jul 29 05:10:01 PM IST 2026] ok
[watchdog Wed Jul 29 05:15:01 PM IST 2026] ok
[watchdog Wed Jul 29 05:20:01 PM IST 2026] ok
[watchdog Wed Jul 29 05:25:01 PM IST 2026] ok
[watchdog Wed Jul 29 05:30:01 PM IST 2026] ok
[watchdog Wed Jul 29 05:35:01 PM IST 2026] ok
[watchdog Wed Jul 29 05:40:02 PM IST 2026] ok
[watchdog Wed Jul 29 05:45:01 PM IST 2026] ok
[watchdog Wed Jul 29 05:50:01 PM IST 2026] ok
[watchdog Wed Jul 29 05:55:01 PM IST 2026] ok
[watchdog Wed Jul 29 06:00:01 PM IST 2026] ok
[watchdog Wed Jul 29 06:05:01 PM IST 2026] ok
[watchdog Wed Jul 29 06:10:01 PM IST 2026] ok
[watchdog Wed Jul 29 06:15:01 PM IST 2026] ok
[watchdog Wed Jul 29 06:20:01 PM IST 2026] ok
[watchdog Wed Jul 29 06:25:01 PM IST 2026] ok
[watchdog Wed Jul 29 06:30:01 PM IST 2026] ok
[watchdog Wed Jul 29 06:35:02 PM IST 2026] ok
[watchdog Wed Jul 29 06:40:01 PM IST 2026] ok
[watchdog Wed Jul 29 06:45:01 PM IST 2026] ok
[watchdog Wed Jul 29 06:50:01 PM IST 2026] ok
[watchdog Wed Jul 29 06:55:01 PM IST 2026] ok
[watchdog Wed Jul 29 07:00:01 PM IST 2026] ok
[watchdog Wed Jul 29 07:05:01 PM IST 2026] ok
[watchdog Wed Jul 29 07:10:01 PM IST 2026] ok
[watchdog Wed Jul 29 07:15:01 PM IST 2026] ok
[watchdog Wed Jul 29 07:20:01 PM IST 2026] ok
[watchdog Wed Jul 29 07:25:01 PM IST 2026] ok
[watchdog Wed Jul 29 07:30:02 PM IST 2026] ok
[watchdog Wed Jul 29 07:35:01 PM IST 2026] ok
[watchdog Wed Jul 29 07:40:01 PM IST 2026] ok
[watchdog Wed Jul 29 07:45:01 PM IST 2026] ok
[watchdog Wed Jul 29 07:50:01 PM IST 2026] ok
[watchdog Wed Jul 29 07:55:01 PM IST 2026] ok
[watchdog Wed Jul 29 08:00:01 PM IST 2026] ok
[watchdog Wed Jul 29 08:05:01 PM IST 2026] ok
[watchdog Wed Jul 29 08:10:01 PM IST 2026] ok
[watchdog Wed Jul 29 08:15:02 PM IST 2026] ok
[watchdog Wed Jul 29 08:20:01 PM IST 2026] ok
[watchdog Wed Jul 29 08:25:01 PM IST 2026] ok
[watchdog Wed Jul 29 08:30:01 PM IST 2026] ok
[watchdog Wed Jul 29 08:35:01 PM IST 2026] ok
[watchdog Wed Jul 29 08:40:01 PM IST 2026] ok
[watchdog Wed Jul 29 08:45:01 PM IST 2026] ok
[watchdog Wed Jul 29 08:50:01 PM IST 2026] ok
[watchdog Wed Jul 29 08:55:01 PM IST 2026] ok
[watchdog Wed Jul 29 09:00:02 PM IST 2026] ok
[watchdog Wed Jul 29 09:05:01 PM IST 2026] ok
[watchdog Wed Jul 29 09:10:01 PM IST 2026] ok
[watchdog Wed Jul 29 09:15:01 PM IST 2026] ok
[watchdog Wed Jul 29 09:20:01 PM IST 2026] ok
[watchdog Wed Jul 29 09:25:02 PM IST 2026] ok
[watchdog Wed Jul 29 09:30:01 PM IST 2026] ok
[watchdog Wed Jul 29 09:35:01 PM IST 2026] ok
[watchdog Wed Jul 29 09:40:01 PM IST 2026] ok
[watchdog Wed Jul 29 09:45:01 PM IST 2026] ok
[watchdog Wed Jul 29 09:50:01 PM IST 2026] ok
[watchdog Wed Jul 29 09:55:01 PM IST 2026] ok
[watchdog Wed Jul 29 10:00:01 PM IST 2026] ok
[watchdog Wed Jul 29 10:05:01 PM IST 2026] ok
[watchdog Wed Jul 29 10:10:01 PM IST 2026] ok
[watchdog Wed Jul 29 10:15:01 PM IST 2026] ok
[watchdog Wed Jul 29 10:20:01 PM IST 2026] ok
[watchdog Wed Jul 29 10:25:02 PM IST 2026] ok
[watchdog Wed Jul 29 10:30:01 PM IST 2026] ok
[watchdog Wed Jul 29 10:35:01 PM IST 2026] ok
[watchdog Wed Jul 29 10:40:01 PM IST 2026] ok
[watchdog Wed Jul 29 10:45:01 PM IST 2026] ok
[watchdog Wed Jul 29 10:50:01 PM IST 2026] ok
[watchdog Wed Jul 29 10:55:02 PM IST 2026] ok
[watchdog Wed Jul 29 11:00:01 PM IST 2026] ok
[watchdog Wed Jul 29 11:05:01 PM IST 2026] ok
[watchdog Wed Jul 29 11:10:01 PM IST 2026] ok
[watchdog Wed Jul 29 11:15:01 PM IST 2026] ok
[watchdog Wed Jul 29 11:20:01 PM IST 2026] ok
[watchdog Wed Jul 29 11:25:01 PM IST 2026] ok
[watchdog Wed Jul 29 11:30:01 PM IST 2026] ok
[watchdog Wed Jul 29 11:35:01 PM IST 2026] ok
[watchdog Wed Jul 29 11:40:01 PM IST 2026] ok
[watchdog Wed Jul 29 11:45:01 PM IST 2026] ok
[watchdog Wed Jul 29 11:50:01 PM IST 2026] ok
[watchdog Wed Jul 29 11:55:02 PM IST 2026] ok
[watchdog Thu Jul 30 12:00:01 AM IST 2026] ok
[watchdog Thu Jul 30 12:05:01 AM IST 2026] ok
[watchdog Thu Jul 30 12:10:01 AM IST 2026] ok
[watchdog Thu Jul 30 12:15:02 AM IST 2026] ok
[watchdog Thu Jul 30 12:20:01 AM IST 2026] ok
[watchdog Thu Jul 30 12:25:01 AM IST 2026] ok
[watchdog Thu Jul 30 12:30:01 AM IST 2026] ok
[watchdog Thu Jul 30 12:35:01 AM IST 2026] ok
[watchdog Thu Jul 30 12:40:01 AM IST 2026] ok
[watchdog Thu Jul 30 12:45:01 AM IST 2026] ok
[watchdog Thu Jul 30 12:50:01 AM IST 2026] ok
[watchdog Thu Jul 30 12:55:01 AM IST 2026] ok
[watchdog Thu Jul 30 01:00:01 AM IST 2026] ok
[watchdog Thu Jul 30 01:05:01 AM IST 2026] ok
[watchdog Thu Jul 30 01:10:01 AM IST 2026] ok
[watchdog Thu Jul 30 01:15:01 AM IST 2026] ok
[watchdog Thu Jul 30 01:20:01 AM IST 2026] ok
[watchdog Thu Jul 30 01:25:01 AM IST 2026] ok
[watchdog Thu Jul 30 01:30:01 AM IST 2026] ok
[watchdog Thu Jul 30 01:35:01 AM IST 2026] ok
[watchdog Thu Jul 30 01:40:01 AM IST 2026] ok
[watchdog Thu Jul 30 01:45:01 AM IST 2026] ok
[watchdog Thu Jul 30 01:50:02 AM IST 2026] ok
[watchdog Thu Jul 30 01:55:01 AM IST 2026] ok
[watchdog Thu Jul 30 02:00:01 AM IST 2026] ok
[watchdog Thu Jul 30 02:05:01 AM IST 2026] ok
[watchdog Thu Jul 30 02:10:01 AM IST 2026] ok
[watchdog Thu Jul 30 02:15:01 AM IST 2026] ok
[watchdog Thu Jul 30 02:20:01 AM IST 2026] ok
[watchdog Thu Jul 30 02:25:02 AM IST 2026] ok
[watchdog Thu Jul 30 02:30:01 AM IST 2026] ok
[watchdog Thu Jul 30 02:35:01 AM IST 2026] ok
[watchdog Thu Jul 30 02:40:01 AM IST 2026] ok
[watchdog Thu Jul 30 02:45:01 AM IST 2026] ok
[watchdog Thu Jul 30 02:50:01 AM IST 2026] ok
[watchdog Thu Jul 30 02:55:01 AM IST 2026] ok
[watchdog Thu Jul 30 03:00:01 AM IST 2026] ok
[watchdog Thu Jul 30 03:05:01 AM IST 2026] ok
[watchdog Thu Jul 30 03:10:01 AM IST 2026] ok
[watchdog Thu Jul 30 03:15:01 AM IST 2026] ok
[watchdog Thu Jul 30 03:20:01 AM IST 2026] ok
[watchdog Thu Jul 30 03:25:01 AM IST 2026] ok
[watchdog Thu Jul 30 03:30:01 AM IST 2026] ok
[watchdog Thu Jul 30 03:35:01 AM IST 2026] ok
[watchdog Thu Jul 30 03:40:05 AM IST 2026] ok
[watchdog Thu Jul 30 03:45:02 AM IST 2026] ok
[watchdog Thu Jul 30 03:50:01 AM IST 2026] ok
[watchdog Thu Jul 30 03:55:01 AM IST 2026] ok
[watchdog Thu Jul 30 04:00:01 AM IST 2026] ok
[watchdog Thu Jul 30 04:05:01 AM IST 2026] ok
[watchdog Thu Jul 30 04:10:01 AM IST 2026] ok
[watchdog Thu Jul 30 04:15:01 AM IST 2026] ok
[watchdog Thu Jul 30 04:20:02 AM IST 2026] ok
[watchdog Thu Jul 30 04:25:01 AM IST 2026] ok
[watchdog Thu Jul 30 04:30:01 AM IST 2026] ok
[watchdog Thu Jul 30 04:35:01 AM IST 2026] ok
[watchdog Thu Jul 30 04:40:01 AM IST 2026] ok
[watchdog Thu Jul 30 04:45:01 AM IST 2026] ok
[watchdog Thu Jul 30 04:50:01 AM IST 2026] ok
[watchdog Thu Jul 30 04:55:01 AM IST 2026] ok
[watchdog Thu Jul 30 05:00:01 AM IST 2026] ok
[watchdog Thu Jul 30 05:05:01 AM IST 2026] ok
[watchdog Thu Jul 30 05:10:01 AM IST 2026] ok
[watchdog Thu Jul 30 05:15:01 AM IST 2026] ok
[watchdog Thu Jul 30 05:20:01 AM IST 2026] ok
[watchdog Thu Jul 30 05:25:01 AM IST 2026] ok
[watchdog Thu Jul 30 05:30:01 AM IST 2026] ok
[watchdog Thu Jul 30 05:35:01 AM IST 2026] ok
[watchdog Thu Jul 30 05:40:01 AM IST 2026] ok
[watchdog Thu Jul 30 05:45:02 AM IST 2026] ok
[watchdog Thu Jul 30 05:50:01 AM IST 2026] ok
[watchdog Thu Jul 30 05:55:01 AM IST 2026] ok
[watchdog Thu Jul 30 06:00:01 AM IST 2026] ok
[watchdog Thu Jul 30 06:05:01 AM IST 2026] ok
[watchdog Thu Jul 30 06:10:01 AM IST 2026] ok
[watchdog Thu Jul 30 06:15:01 AM IST 2026] ok
[watchdog Thu Jul 30 06:20:01 AM IST 2026] ok
[watchdog Thu Jul 30 06:25:01 AM IST 2026] ok
[watchdog Thu Jul 30 06:30:01 AM IST 2026] ok
[watchdog Thu Jul 30 06:35:01 AM IST 2026] ok
[watchdog Thu Jul 30 06:40:01 AM IST 2026] ok
[watchdog Thu Jul 30 06:45:01 AM IST 2026] ok
[watchdog Thu Jul 30 06:50:01 AM IST 2026] ok
[watchdog Thu Jul 30 06:55:02 AM IST 2026] ok
[watchdog Thu Jul 30 07:00:01 AM IST 2026] ok
[watchdog Thu Jul 30 07:05:01 AM IST 2026] ok
[watchdog Thu Jul 30 07:10:02 AM IST 2026] ok
[watchdog Thu Jul 30 07:15:01 AM IST 2026] ok
[watchdog Thu Jul 30 07:20:01 AM IST 2026] ok
[watchdog Thu Jul 30 07:25:01 AM IST 2026] ok
[watchdog Thu Jul 30 07:30:01 AM IST 2026] ok
[watchdog Thu Jul 30 07:35:01 AM IST 2026] ok
[watchdog Thu Jul 30 07:40:01 AM IST 2026] ok
[watchdog Thu Jul 30 07:45:01 AM IST 2026] ok
[watchdog Thu Jul 30 07:50:01 AM IST 2026] ok
[watchdog Thu Jul 30 07:55:01 AM IST 2026] ok
[watchdog Thu Jul 30 08:00:01 AM IST 2026] ok
[watchdog Thu Jul 30 08:05:01 AM IST 2026] ok
[watchdog Thu Jul 30 08:10:01 AM IST 2026] ok
[watchdog Thu Jul 30 08:15:01 AM IST 2026] ok
[watchdog Thu Jul 30 08:20:01 AM IST 2026] ok
[watchdog Thu Jul 30 08:25:01 AM IST 2026] ok
[watchdog Thu Jul 30 08:30:01 AM IST 2026] ok
[watchdog Thu Jul 30 08:35:01 AM IST 2026] ok
[watchdog Thu Jul 30 08:40:02 AM IST 2026] ok
[watchdog Thu Jul 30 08:45:01 AM IST 2026] ok
[watchdog Thu Jul 30 08:50:01 AM IST 2026] ok
[watchdog Thu Jul 30 08:55:01 AM IST 2026] ok
[watchdog Thu Jul 30 09:00:01 AM IST 2026] ok
[watchdog Thu Jul 30 09:05:01 AM IST 2026] ok
[watchdog Thu Jul 30 09:10:01 AM IST 2026] ok
[watchdog Thu Jul 30 09:15:01 AM IST 2026] ok
[watchdog Thu Jul 30 09:20:01 AM IST 2026] ok
[watchdog Thu Jul 30 09:25:01 AM IST 2026] ok
[watchdog Thu Jul 30 09:30:01 AM IST 2026] ok
[watchdog Thu Jul 30 09:35:01 AM IST 2026] ok
[watchdog Thu Jul 30 09:40:01 AM IST 2026] ok
[watchdog Thu Jul 30 09:45:02 AM IST 2026] ok
[watchdog Thu Jul 30 09:50:01 AM IST 2026] ok
[watchdog Thu Jul 30 09:55:01 AM IST 2026] ok
[watchdog Thu Jul 30 10:00:01 AM IST 2026] ok
[watchdog Thu Jul 30 10:05:01 AM IST 2026] ok
[watchdog Thu Jul 30 10:10:01 AM IST 2026] ok
[watchdog Thu Jul 30 10:15:01 AM IST 2026] ok
[watchdog Thu Jul 30 10:20:01 AM IST 2026] ok
[watchdog Thu Jul 30 10:25:01 AM IST 2026] ok
[watchdog Thu Jul 30 10:30:01 AM IST 2026] ok
[watchdog Thu Jul 30 10:35:01 AM IST 2026] ok
[watchdog Thu Jul 30 10:40:01 AM IST 2026] ok
[watchdog Thu Jul 30 10:45:01 AM IST 2026] ok
[watchdog Thu Jul 30 10:50:02 AM IST 2026] ok
[watchdog Thu Jul 30 10:55:01 AM IST 2026] ok
[watchdog Thu Jul 30 11:00:01 AM IST 2026] ok
[watchdog Thu Jul 30 11:05:02 AM IST 2026] ok
[watchdog Thu Jul 30 11:10:01 AM IST 2026] ok
[watchdog Thu Jul 30 11:15:01 AM IST 2026] ok
[watchdog Thu Jul 30 11:20:01 AM IST 2026] ok
[watchdog Thu Jul 30 11:25:01 AM IST 2026] ok
[watchdog Thu Jul 30 11:30:01 AM IST 2026] ok
[watchdog Thu Jul 30 11:35:01 AM IST 2026] ok
[watchdog Thu Jul 30 11:40:01 AM IST 2026] ok
[watchdog Thu Jul 30 11:45:01 AM IST 2026] ok
[watchdog Thu Jul 30 11:50:01 AM IST 2026] ok
[watchdog Thu Jul 30 11:55:01 AM IST 2026] ok
[watchdog Thu Jul 30 12:00:01 PM IST 2026] ok
[watchdog Thu Jul 30 12:05:01 PM IST 2026] ok
[watchdog Thu Jul 30 12:10:01 PM IST 2026] ok
[watchdog Thu Jul 30 12:15:02 PM IST 2026] ok
[watchdog Thu Jul 30 12:20:01 PM IST 2026] ok
[watchdog Thu Jul 30 12:25:01 PM IST 2026] ok
[watchdog Thu Jul 30 12:30:01 PM IST 2026] ok
[watchdog Thu Jul 30 12:35:01 PM IST 2026] ok
[watchdog Thu Jul 30 12:40:01 PM IST 2026] ok
[watchdog Thu Jul 30 12:45:01 PM IST 2026] ok
[watchdog Thu Jul 30 12:50:01 PM IST 2026] ok
[watchdog Thu Jul 30 12:55:01 PM IST 2026] ok
[watchdog Thu Jul 30 01:00:01 PM IST 2026] ok
[watchdog Thu Jul 30 01:05:01 PM IST 2026] ok
[watchdog Thu Jul 30 01:10:01 PM IST 2026] ok
[watchdog Thu Jul 30 01:15:01 PM IST 2026] ok
[watchdog Thu Jul 30 01:20:01 PM IST 2026] ok
[watchdog Thu Jul 30 01:25:01 PM IST 2026] ok
[watchdog Thu Jul 30 01:30:01 PM IST 2026] ok
[watchdog Thu Jul 30 01:35:01 PM IST 2026] ok
[watchdog Thu Jul 30 01:40:01 PM IST 2026] ok
[watchdog Thu Jul 30 01:45:01 PM IST 2026] ok
[watchdog Thu Jul 30 01:50:01 PM IST 2026] ok
[watchdog Thu Jul 30 01:55:01 PM IST 2026] ok
[watchdog Thu Jul 30 02:00:02 PM IST 2026] ok
[watchdog Thu Jul 30 02:05:01 PM IST 2026] ok
[watchdog Thu Jul 30 02:10:01 PM IST 2026] ok
[watchdog Thu Jul 30 02:15:01 PM IST 2026] ok
[watchdog Thu Jul 30 02:20:01 PM IST 2026] ok
[watchdog Thu Jul 30 02:25:02 PM IST 2026] ok
[watchdog Thu Jul 30 02:30:01 PM IST 2026] ok
[watchdog Thu Jul 30 02:35:01 PM IST 2026] ok
[watchdog Thu Jul 30 02:40:01 PM IST 2026] ok
[watchdog Thu Jul 30 02:45:01 PM IST 2026] ok
[watchdog Thu Jul 30 02:50:01 PM IST 2026] ok
[watchdog Thu Jul 30 02:55:01 PM IST 2026] ok
[watchdog Thu Jul 30 03:00:01 PM IST 2026] ok
[watchdog Thu Jul 30 03:05:01 PM IST 2026] ok
[watchdog Thu Jul 30 03:10:01 PM IST 2026] ok
[watchdog Thu Jul 30 03:15:01 PM IST 2026] ok
[watchdog Thu Jul 30 03:20:01 PM IST 2026] ok
[watchdog Thu Jul 30 03:25:01 PM IST 2026] ok
[watchdog Thu Jul 30 03:30:01 PM IST 2026] ok
[watchdog Thu Jul 30 03:35:01 PM IST 2026] ok
[watchdog Thu Jul 30 03:40:01 PM IST 2026] ok
[watchdog Thu Jul 30 03:45:01 PM IST 2026] ok
[watchdog Thu Jul 30 03:50:02 PM IST 2026] ok
[watchdog Thu Jul 30 03:55:01 PM IST 2026] ok
[watchdog Thu Jul 30 04:00:01 PM IST 2026] ok
[watchdog Thu Jul 30 04:05:01 PM IST 2026] ok
[watchdog Thu Jul 30 04:10:01 PM IST 2026] ok
[watchdog Thu Jul 30 04:15:01 PM IST 2026] ok
[watchdog Thu Jul 30 04:20:02 PM IST 2026] ok
[watchdog Thu Jul 30 04:25:01 PM IST 2026] ok
[watchdog Thu Jul 30 04:30:01 PM IST 2026] ok
[watchdog Thu Jul 30 04:35:01 PM IST 2026] ok
[watchdog Thu Jul 30 04:40:01 PM IST 2026] ok
[watchdog Thu Jul 30 04:45:01 PM IST 2026] ok
[watchdog Thu Jul 30 04:50:01 PM IST 2026] ok
[watchdog Thu Jul 30 04:55:01 PM IST 2026] ok
[watchdog Thu Jul 30 05:00:01 PM IST 2026] ok
[watchdog Thu Jul 30 05:05:01 PM IST 2026] ok
[watchdog Thu Jul 30 05:10:01 PM IST 2026] ok
[watchdog Thu Jul 30 05:15:01 PM IST 2026] ok
[watchdog Thu Jul 30 05:20:01 PM IST 2026] ok
[watchdog Thu Jul 30 05:25:01 PM IST 2026] ok
[watchdog Thu Jul 30 05:30:01 PM IST 2026] ok
[watchdog Thu Jul 30 05:35:01 PM IST 2026] ok
[watchdog Thu Jul 30 05:40:01 PM IST 2026] ok
[watchdog Thu Jul 30 05:45:01 PM IST 2026] ok
[watchdog Thu Jul 30 05:50:02 PM IST 2026] ok
[watchdog Thu Jul 30 05:55:01 PM IST 2026] ok
[watchdog Thu Jul 30 06:00:01 PM IST 2026] ok
[watchdog Thu Jul 30 06:05:01 PM IST 2026] ok
[watchdog Thu Jul 30 06:10:01 PM IST 2026] ok
[watchdog Thu Jul 30 06:15:01 PM IST 2026] ok
[watchdog Thu Jul 30 06:20:01 PM IST 2026] ok
[watchdog Thu Jul 30 06:25:01 PM IST 2026] ok
[watchdog Thu Jul 30 06:30:01 PM IST 2026] ok
[watchdog Thu Jul 30 06:35:01 PM IST 2026] ok
[watchdog Thu Jul 30 06:40:01 PM IST 2026] ok
[watchdog Thu Jul 30 06:45:02 PM IST 2026] ok
[watchdog Thu Jul 30 06:50:01 PM IST 2026] ok
[watchdog Thu Jul 30 06:55:01 PM IST 2026] ok
[watchdog Thu Jul 30 07:00:01 PM IST 2026] ok
[watchdog Thu Jul 30 07:05:01 PM IST 2026] ok
[watchdog Thu Jul 30 07:10:01 PM IST 2026] ok
[watchdog Thu Jul 30 07:15:02 PM IST 2026] ok
[watchdog Thu Jul 30 07:20:01 PM IST 2026] ok
[watchdog Thu Jul 30 07:25:01 PM IST 2026] ok
[watchdog Thu Jul 30 07:30:01 PM IST 2026] ok
[watchdog Thu Jul 30 07:35:01 PM IST 2026] ok
[watchdog Thu Jul 30 07:40:01 PM IST 2026] ok
[watchdog Thu Jul 30 07:45:01 PM IST 2026] ok
[watchdog Thu Jul 30 07:50:01 PM IST 2026] ok
[watchdog Thu Jul 30 07:55:01 PM IST 2026] ok
[watchdog Thu Jul 30 08:00:01 PM IST 2026] ok
[watchdog Thu Jul 30 08:05:01 PM IST 2026] ok
[watchdog Thu Jul 30 08:10:01 PM IST 2026] ok
[watchdog Thu Jul 30 08:15:01 PM IST 2026] ok
[watchdog Thu Jul 30 08:20:01 PM IST 2026] ok
[watchdog Thu Jul 30 08:25:02 PM IST 2026] ok
[watchdog Thu Jul 30 08:30:01 PM IST 2026] ok
[watchdog Thu Jul 30 08:35:01 PM IST 2026] ok
[watchdog Thu Jul 30 08:40:01 PM IST 2026] ok
[watchdog Thu Jul 30 08:45:01 PM IST 2026] ok
[watchdog Thu Jul 30 08:50:01 PM IST 2026] ok
[watchdog Thu Jul 30 08:55:01 PM IST 2026] ok
[watchdog Thu Jul 30 09:00:01 PM IST 2026] ok
[watchdog Thu Jul 30 09:05:01 PM IST 2026] ok
[watchdog Thu Jul 30 09:10:01 PM IST 2026] ok
[watchdog Thu Jul 30 09:15:01 PM IST 2026] ok
[watchdog Thu Jul 30 09:20:01 PM IST 2026] ok
[watchdog Thu Jul 30 09:25:02 PM IST 2026] ok
[watchdog Thu Jul 30 09:30:01 PM IST 2026] engine down -> restart
[watchdog Thu Jul 30 09:30:01 PM IST 2026] tracker down -> restart
[watchdog Thu Jul 30 09:30:01 PM IST 2026] ok
[watchdog Thu Jul 30 09:35:01 PM IST 2026] engine down -> restart
[watchdog Thu Jul 30 09:35:01 PM IST 2026] tracker down -> restart
[watchdog Thu Jul 30 09:35:01 PM IST 2026] ok
[watchdog Thu Jul 30 09:40:01 PM IST 2026] engine down -> restart
[watchdog Thu Jul 30 09:40:01 PM IST 2026] tracker down -> restart
[watchdog Thu Jul 30 09:40:01 PM IST 2026] ok
[watchdog Thu Jul 30 09:45:01 PM IST 2026] engine down -> restart
[watchdog Thu Jul 30 09:45:01 PM IST 2026] tracker down -> restart
[watchdog Thu Jul 30 09:45:01 PM IST 2026] ok
[watchdog Thu Jul 30 09:50:01 PM IST 2026] engine down -> restart
[watchdog Thu Jul 30 09:50:01 PM IST 2026] tracker down -> restart
[watchdog Thu Jul 30 09:50:01 PM IST 2026] ok
[watchdog Thu Jul 30 09:55:01 PM IST 2026] engine down -> restart
[watchdog Thu Jul 30 09:55:01 PM IST 2026] tracker down -> restart
[watchdog Thu Jul 30 09:55:01 PM IST 2026] ok
[watchdog Thu Jul 30 10:00:01 PM IST 2026] engine down -> restart
[watchdog Thu Jul 30 10:00:01 PM IST 2026] tracker down -> restart
[watchdog Thu Jul 30 10:00:01 PM IST 2026] ok
[watchdog Thu Jul 30 10:05:01 PM IST 2026] engine down -> restart
[watchdog Thu Jul 30 10:05:01 PM IST 2026] tracker down -> restart
[watchdog Thu Jul 30 10:05:01 PM IST 2026] ok
[watchdog Thu Jul 30 10:10:01 PM IST 2026] engine down -> restart
[watchdog Thu Jul 30 10:10:01 PM IST 2026] tracker down -> restart
[watchdog Thu Jul 30 10:10:01 PM IST 2026] ok
[watchdog Thu Jul 30 10:15:01 PM IST 2026] engine down -> restart
[watchdog Thu Jul 30 10:15:01 PM IST 2026] tracker down -> restart
[watchdog Thu Jul 30 10:15:01 PM IST 2026] ok
[watchdog Thu Jul 30 10:20:01 PM IST 2026] engine down -> restart
[watchdog Thu Jul 30 10:20:01 PM IST 2026] tracker down -> restart
[watchdog Thu Jul 30 10:20:01 PM IST 2026] ok
[watchdog Thu Jul 30 10:25:01 PM IST 2026] engine down -> restart
[watchdog Thu Jul 30 10:25:01 PM IST 2026] tracker down -> restart
[watchdog Thu Jul 30 10:25:01 PM IST 2026] ok
[watchdog Thu Jul 30 10:30:01 PM IST 2026] engine down -> restart
[watchdog Thu Jul 30 10:30:01 PM IST 2026] tracker down -> restart
[watchdog Thu Jul 30 10:30:01 PM IST 2026] ok
[watchdog Thu Jul 30 10:35:01 PM IST 2026] engine down -> restart
[watchdog Thu Jul 30 10:35:01 PM IST 2026] tracker down -> restart
[watchdog Thu Jul 30 10:35:01 PM IST 2026] ok
[watchdog Thu Jul 30 10:40:02 PM IST 2026] engine down -> restart
[watchdog Thu Jul 30 10:40:02 PM IST 2026] tracker down -> restart
[watchdog Thu Jul 30 10:40:02 PM IST 2026] ok
[watchdog Thu Jul 30 10:45:01 PM IST 2026] engine down -> restart
[watchdog Thu Jul 30 10:45:01 PM IST 2026] tracker down -> restart
[watchdog Thu Jul 30 10:45:01 PM IST 2026] ok
[watchdog Thu Jul 30 10:50:01 PM IST 2026] engine down -> restart
[watchdog Thu Jul 30 10:50:01 PM IST 2026] tracker down -> restart
[watchdog Thu Jul 30 10:50:01 PM IST 2026] ok
[watchdog Thu Jul 30 10:55:01 PM IST 2026] engine down -> restart
[watchdog Thu Jul 30 10:55:01 PM IST 2026] tracker down -> restart
[watchdog Thu Jul 30 10:55:01 PM IST 2026] ok
[watchdog Thu Jul 30 11:00:01 PM IST 2026] engine down -> restart
[watchdog Thu Jul 30 11:00:01 PM IST 2026] tracker down -> restart
[watchdog Thu Jul 30 11:00:01 PM IST 2026] ok
[watchdog Thu Jul 30 11:05:01 PM IST 2026] engine down -> restart
[watchdog Thu Jul 30 11:05:01 PM IST 2026] tracker down -> restart
[watchdog Thu Jul 30 11:05:01 PM IST 2026] ok
[watchdog Thu Jul 30 11:10:01 PM IST 2026] engine down -> restart
[watchdog Thu Jul 30 11:10:01 PM IST 2026] tracker down -> restart
[watchdog Thu Jul 30 11:10:01 PM IST 2026] ok
[watchdog Thu Jul 30 11:15:01 PM IST 2026] engine down -> restart
[watchdog Thu Jul 30 11:15:01 PM IST 2026] tracker down -> restart
[watchdog Thu Jul 30 11:15:01 PM IST 2026] ok
[watchdog Thu Jul 30 11:20:01 PM IST 2026] engine down -> restart
[watchdog Thu Jul 30 11:20:01 PM IST 2026] tracker down -> restart
[watchdog Thu Jul 30 11:20:01 PM IST 2026] ok
[watchdog Thu Jul 30 11:25:01 PM IST 2026] engine down -> restart
[watchdog Thu Jul 30 11:25:01 PM IST 2026] tracker down -> restart
[watchdog Thu Jul 30 11:25:01 PM IST 2026] ok
[watchdog Thu Jul 30 11:30:01 PM IST 2026] engine down -> restart
[watchdog Thu Jul 30 11:30:01 PM IST 2026] tracker down -> restart
[watchdog Thu Jul 30 11:30:01 PM IST 2026] ok
[watchdog Thu Jul 30 11:35:01 PM IST 2026] engine down -> restart
[watchdog Thu Jul 30 11:35:02 PM IST 2026] tracker down -> restart
[watchdog Thu Jul 30 11:35:02 PM IST 2026] ok
[watchdog Thu Jul 30 11:40:01 PM IST 2026] engine down -> restart
[watchdog Thu Jul 30 11:40:01 PM IST 2026] tracker down -> restart
[watchdog Thu Jul 30 11:40:01 PM IST 2026] ok
[watchdog Thu Jul 30 11:45:01 PM IST 2026] engine down -> restart
[watchdog Thu Jul 30 11:45:01 PM IST 2026] tracker down -> restart
[watchdog Thu Jul 30 11:45:01 PM IST 2026] ok
[watchdog Thu Jul 30 11:50:01 PM IST 2026] engine down -> restart
[watchdog Thu Jul 30 11:50:01 PM IST 2026] tracker down -> restart
[watchdog Thu Jul 30 11:50:01 PM IST 2026] ok
[watchdog Thu Jul 30 11:55:01 PM IST 2026] engine down -> restart
[watchdog Thu Jul 30 11:55:01 PM IST 2026] ok
[watchdog Fri Jul 31 12:00:01 AM IST 2026] ok
[watchdog Fri Jul 31 12:05:03 AM IST 2026] ok
